******************************************************************************
                  TI ARM Linker PC v5.2.7                      
******************************************************************************
>> Linked Sat Jun 18 16:08:09 2016

OUTPUT FILE NAME:   <rfWsnNode_CC1310DK_7XD_TI_CC1310F128.out>
ENTRY POINT SYMBOL: "ResetISR"  address: 00005bd1


MEMORY CONFIGURATION

         name            origin    length      used     unused   attr    fill
----------------------  --------  ---------  --------  --------  ----  --------
  FLASH                 00000000   00020000  00006f1c  000190e4  R  X
  SRAM                  20000000   00005000  00002209  00002df7  RW X


SEGMENT ALLOCATION MAP

run origin  load origin   length   init length attrs members
----------  ----------- ---------- ----------- ----- -------
00000000    00000000    00000b84   00000b84    r--
  00000000    00000000    0000003c   0000003c    r-- .resetVecs
  0000003c    0000003c    00000b48   00000b48    r-- .const
00001000    00001000    00006350   00006350    r-x
  00001000    00001000    0000003c   0000003c    r-- .const:ti_sysbios_knl_Task_Object__PARAMS__C
  0000103c    0000103c    00000034   00000034    r-- .const:ti_sysbios_knl_Mailbox_Object__PARAMS__C
  00001070    00001070    00000030   00000030    r-- .const:ti_sysbios_family_arm_m3_Hwi_Object__PARAMS__C
  000010a0    000010a0    0000002c   0000002c    r-- .const:ti_sysbios_hal_Hwi_Object__PARAMS__C
  000010cc    000010cc    00000028   00000028    r-- .const:ti_sysbios_heaps_HeapMem_Module__FXNS__C
  000010f4    000010f4    00000028   00000028    r-- .const:ti_sysbios_knl_Swi_Object__PARAMS__C
  0000111c    0000111c    00000024   00000024    r-- .const:ti_sysbios_gates_GateHwi_Module__FXNS__C
  00001140    00001140    00000024   00000024    r-- .const:ti_sysbios_gates_GateMutex_Module__FXNS__C
  00001164    00001164    00000024   00000024    r-- .const:ti_sysbios_heaps_HeapMem_Object__PARAMS__C
  00001188    00001188    00000024   00000024    r-- .const:ti_sysbios_knl_Clock_Object__PARAMS__C
  000011ac    000011ac    00000024   00000024    r-- .const:ti_sysbios_knl_Semaphore_Object__PARAMS__C
  000011d0    000011d0    00000020   00000020    r-- .const:ti_sysbios_family_arm_m3_Hwi_Object__DESC__C
  000011f0    000011f0    00000020   00000020    r-- .const:ti_sysbios_gates_GateHwi_Object__DESC__C
  00001210    00001210    00000020   00000020    r-- .const:ti_sysbios_gates_GateMutex_Object__DESC__C
  00001230    00001230    00000020   00000020    r-- .const:ti_sysbios_hal_Hwi_Object__DESC__C
  00001250    00001250    00000020   00000020    r-- .const:ti_sysbios_heaps_HeapMem_Object__DESC__C
  00001270    00001270    00000020   00000020    r-- .const:ti_sysbios_knl_Clock_Object__DESC__C
  00001290    00001290    00000020   00000020    r-- .const:ti_sysbios_knl_Mailbox_Object__DESC__C
  000012b0    000012b0    00000020   00000020    r-- .const:ti_sysbios_knl_Queue_Object__DESC__C
  000012d0    000012d0    00000020   00000020    r-- .const:ti_sysbios_knl_Semaphore_Object__DESC__C
  000012f0    000012f0    00000020   00000020    r-- .const:ti_sysbios_knl_Swi_Object__DESC__C
  00001310    00001310    00000020   00000020    r-- .const:ti_sysbios_knl_Task_Object__DESC__C
  00001330    00001330    00000018   00000018    r-- .const:ti_sysbios_gates_GateHwi_Object__PARAMS__C
  00001348    00001348    00000018   00000018    r-- .const:ti_sysbios_gates_GateMutex_Object__PARAMS__C
  00001360    00001360    00000018   00000018    r-- .const:ti_sysbios_knl_Queue_Object__PARAMS__C
  00001378    00001378    00000008   00000008    r-- .const:ti_sysbios_knl_Idle_funcList__C
  00001384    00001384    00000004   00000004    r-- .const:ti_sysbios_family_arm_cc26xx_Timer_startupNeeded__C
  00001388    00001388    00000004   00000004    r-- .const:ti_sysbios_family_arm_m3_Hwi_E_alreadyDefined__C
  0000138c    0000138c    00000004   00000004    r-- .const:ti_sysbios_family_arm_m3_Hwi_E_hwiLimitExceeded__C
  00001390    00001390    00000004   00000004    r-- .const:ti_sysbios_family_arm_m3_Hwi_NUM_INTERRUPTS__C
  00001394    00001394    00000004   00000004    r-- .const:ti_sysbios_family_arm_m3_Hwi_Object__count__C
  00001398    00001398    00000004   00000004    r-- .const:ti_sysbios_family_arm_m3_Hwi_Object__table__C
  0000139c    0000139c    00000004   00000004    r-- .const:ti_sysbios_family_arm_m3_Hwi_ccr__C
  000013a0    000013a0    00000004   00000004    r-- .const:ti_sysbios_family_arm_m3_Hwi_excHandlerFunc__C
  000013a4    000013a4    00000004   00000004    r-- .const:ti_sysbios_family_arm_m3_Hwi_nullIsrFunc__C
  000013a8    000013a8    00000004   00000004    r-- .const:ti_sysbios_family_arm_m3_Hwi_numSparseInterrupts__C
  000013ac    000013ac    00000004   00000004    r-- .const:ti_sysbios_family_arm_m3_Hwi_priGroup__C
  000013b0    000013b0    00000004   00000004    r-- .const:ti_sysbios_family_arm_m3_TaskSupport_stackAlignment__C
  000013b4    000013b4    00000004   00000004    r-- .const:ti_sysbios_heaps_HeapMem_E_memory__C
  000013b8    000013b8    00000004   00000004    r-- .const:ti_sysbios_heaps_HeapMem_Module__gateObj__C
  000013bc    000013bc    00000004   00000004    r-- .const:ti_sysbios_heaps_HeapMem_Object__count__C
  000013c0    000013c0    00000004   00000004    r-- .const:ti_sysbios_heaps_HeapMem_Object__table__C
  000013c4    000013c4    00000004   00000004    r-- .const:ti_sysbios_heaps_HeapMem_reqAlign__C
  000013c8    000013c8    00000004   00000004    r-- .const:ti_sysbios_knl_Clock_serviceMargin__C
  000013cc    000013cc    00000004   00000004    r-- .const:ti_sysbios_knl_Mailbox_Object__count__C
  000013d0    000013d0    00000004   00000004    r-- .const:ti_sysbios_knl_Mailbox_Object__table__C
  000013d4    000013d4    00000004   00000004    r-- .const:ti_sysbios_knl_Mailbox_maxTypeAlign__C
  000013d8    000013d8    00000004   00000004    r-- .const:ti_sysbios_knl_Queue_Object__count__C
  000013dc    000013dc    00000004   00000004    r-- .const:ti_sysbios_knl_Queue_Object__table__C
  000013e0    000013e0    00000004   00000004    r-- .const:ti_sysbios_knl_Swi_Object__count__C
  000013e4    000013e4    00000004   00000004    r-- .const:ti_sysbios_knl_Swi_Object__table__C
  000013e8    000013e8    00000004   00000004    r-- .const:ti_sysbios_knl_Swi_numPriorities__C
  000013ec    000013ec    00000004   00000004    r-- .const:ti_sysbios_knl_Task_Object__count__C
  000013f0    000013f0    00000004   00000004    r-- .const:ti_sysbios_knl_Task_Object__table__C
  000013f4    000013f4    00000004   00000004    r-- .const:ti_sysbios_knl_Task_allBlockedFunc__C
  000013f8    000013f8    00000004   00000004    r-- .const:ti_sysbios_knl_Task_defaultStackHeap__C
  000013fc    000013fc    00000004   00000004    r-- .const:ti_sysbios_knl_Task_defaultStackSize__C
  00001400    00001400    00000004   00000004    r-- .const:ti_sysbios_knl_Task_numConstructedTasks__C
  00001406    00001406    00000002   00000002    r-- .const:ti_sysbios_family_arm_cc26xx_Timer_Module__id__C
  00001408    00001408    00000002   00000002    r-- .const:ti_sysbios_family_arm_cc26xx_TimestampProvider_useClockTimer__C
  0000140a    0000140a    00000002   00000002    r-- .const:ti_sysbios_family_arm_m3_Hwi_Module__id__C
  0000140c    0000140c    00000002   00000002    r-- .const:ti_sysbios_gates_GateHwi_Module__id__C
  0000140e    0000140e    00000002   00000002    r-- .const:ti_sysbios_gates_GateMutex_Module__id__C
  00001410    00001410    00000002   00000002    r-- .const:ti_sysbios_heaps_HeapMem_Module__id__C
  00001412    00001412    00000002   00000002    r-- .const:ti_sysbios_knl_Task_initStackFlag__C
  00001414    00001414    00000001   00000001    r-- .const:ti_sysbios_knl_Clock_tickMode__C
  00001418    00001418    00000008   00000008    r-- .const:xdc_runtime_Startup_firstFxns__C
  00001420    00001420    00000008   00000008    r-- .const:xdc_runtime_Startup_lastFxns__C
  00001428    00001428    00000004   00000004    r-- .const:xdc_runtime_Assert_E_assertFailed__C
  0000142c    0000142c    00000004   00000004    r-- .const:xdc_runtime_Error_E_memory__C
  00001430    00001430    00000004   00000004    r-- .const:xdc_runtime_Error_policyFxn__C
  00001434    00001434    00000004   00000004    r-- .const:xdc_runtime_IGateProvider_Interface__BASE__C
  00001438    00001438    00000004   00000004    r-- .const:xdc_runtime_IHeap_Interface__BASE__C
  0000143c    0000143c    00000004   00000004    r-- .const:xdc_runtime_IModule_Interface__BASE__C
  00001440    00001440    00000004   00000004    r-- .const:xdc_runtime_Main_Module__diagsEnabled__C
  00001444    00001444    00000004   00000004    r-- .const:xdc_runtime_Main_Module__diagsIncluded__C
  00001448    00001448    00000004   00000004    r-- .const:xdc_runtime_Main_Module__diagsMask__C
  0000144c    0000144c    00000004   00000004    r-- .const:xdc_runtime_Memory_defaultHeapInstance__C
  00001450    00001450    00000004   00000004    r-- .const:xdc_runtime_Startup_execImpl__C
  00001454    00001454    00000004   00000004    r-- .const:xdc_runtime_Startup_maxPasses__C
  00001458    00001458    00000004   00000004    r-- .const:xdc_runtime_Startup_sfxnRts__C
  0000145c    0000145c    00000004   00000004    r-- .const:xdc_runtime_Startup_sfxnTab__C
  00001460    00001460    00000004   00000004    r-- .const:xdc_runtime_Startup_startModsFxn__C
  00001464    00001464    00000004   00000004    r-- .const:xdc_runtime_SysCallback_abortFxn__C
  00001468    00001468    00000004   00000004    r-- .const:xdc_runtime_SysCallback_exitFxn__C
  0000146c    0000146c    00000004   00000004    r-- .const:xdc_runtime_System_abortFxn__C
  00001470    00001470    00000004   00000004    r-- .const:xdc_runtime_System_exitFxn__C
  00001474    00001474    00000004   00000004    r-- .const:xdc_runtime_System_maxAtexitHandlers__C
  00001478    00001478    00000004   00000004    r-- .const:xdc_runtime_Text_charTab__C
  0000147c    0000147c    00000004   00000004    r-- .const:xdc_runtime_Text_nameEmpty__C
  00001480    00001480    00000004   00000004    r-- .const:xdc_runtime_Text_nameStatic__C
  00001484    00001484    00000004   00000004    r-- .const:xdc_runtime_Text_nameUnknown__C
  00001488    00001488    00000002   00000002    r-- .const:xdc_runtime_Main_Module__id__C
  0000148a    0000148a    00000002   00000002    r-- .const:xdc_runtime_Memory_Module__id__C
  0000148c    0000148c    00000002   00000002    r-- .const:xdc_runtime_Text_charCnt__C
  0000148e    0000148e    00000002   00000002    r-- .const:xdc_runtime_Text_isLoaded__C
  00001490    00001490    00000001   00000001    r-- .const:xdc_runtime_Error_policy__C
  00001494    00001494    00000004   00000004    r-- .const:ti_sysbios_rom_ROM_AONRTCChannelEnable
  00001498    00001498    00000004   00000004    r-- .const:ti_sysbios_rom_ROM_AONRTCCompareValueSet
  0000149c    0000149c    00000004   00000004    r-- .const:ti_sysbios_rom_ROM_AONRTCCurrentCompareValueGet
  000014a0    000014a0    00000004   00000004    r-- .const:ti_sysbios_rom_ROM_AONRTCEventClear
  000014a4    000014a4    00000004   00000004    r-- .const:ti_sysbios_rom_ROM_ti_sysbios_family_arm_cc26xx_Timer_getCount64__E
  000014a8    000014a8    00000004   00000004    r-- .const:ti_sysbios_rom_ROM_ti_sysbios_family_arm_cc26xx_Timer_getCurrentTick__E
  000014ac    000014ac    00000004   00000004    r-- .const:ti_sysbios_rom_ROM_ti_sysbios_family_arm_cc26xx_Timer_getMaxTicks__E
  000014b0    000014b0    00000004   00000004    r-- .const:ti_sysbios_rom_ROM_ti_sysbios_family_arm_cc26xx_Timer_initDevice__I
  000014b4    000014b4    00000004   00000004    r-- .const:ti_sysbios_rom_ROM_ti_sysbios_family_arm_cc26xx_Timer_setNextTick__E
  000014b8    000014b8    00000004   00000004    r-- .const:ti_sysbios_rom_ROM_ti_sysbios_family_arm_cc26xx_Timer_setThreshold__I
  000014bc    000014bc    00000004   00000004    r-- .const:ti_sysbios_rom_ROM_ti_sysbios_family_arm_cc26xx_Timer_start__E
  000014c0    000014c0    00000004   00000004    r-- .const:ti_sysbios_rom_ROM_ti_sysbios_family_arm_cc26xx_TimestampProvider_get32__E
  000014c4    000014c4    00000004   00000004    r-- .const:ti_sysbios_rom_ROM_xdc_runtime_Startup_getState__I
  000014c8    000014c8    00000004   00000004    r-- .const:ti_sysbios_rom_ROM_xdc_runtime_System_SupportProxy_abort__E
  000014cc    000014cc    00000004   00000004    r-- .const:ti_sysbios_rom_ROM_xdc_runtime_System_SupportProxy_exit__E
  000014d0    000014d0    00000004   00000004    r-- .const:ti_sysbios_gates_GateMutex_Instance_State_sem__O
  000014d4    000014d4    00000004   00000004    r-- .const:ti_sysbios_knl_Clock_Module_State_clockQ__O
  000014d8    000014d8    00000004   00000004    r-- .const:ti_sysbios_knl_Mailbox_Instance_State_dataQue__O
  000014dc    000014dc    00000004   00000004    r-- .const:ti_sysbios_knl_Mailbox_Instance_State_dataSem__O
  000014e0    000014e0    00000004   00000004    r-- .const:ti_sysbios_knl_Mailbox_Instance_State_freeQue__O
  000014e4    000014e4    00000004   00000004    r-- .const:ti_sysbios_knl_Mailbox_Instance_State_freeSem__O
  000014e8    000014e8    00000004   00000004    r-- .const:ti_sysbios_knl_Semaphore_Instance_State_pendQ__O
  000014ec    000014ec    00000004   00000004    r-- .const:ti_sysbios_knl_Task_Module_State_inactiveQ__O
  000014f0    000014f0    0000590c   0000590c    r-x .text
  00006e00    00006e00    00000550   00000550    r-- .cinit
0001ffa8    0001ffa8    00000058   00000058    r--
  0001ffa8    0001ffa8    00000058   00000058    r-- .ccfg
20000000    20000000    000000dc   00000000    rw-
  20000000    20000000    000000dc   00000000    rw- .vecs
20000100    20000100    00001f38   00000000    rw-
  20000100    20000100    00000044   00000000    rw- .data:ti_sysbios_knl_Task_Module__state__V
  20000144    20000144    00000034   00000000    rw- .data:ti_sysbios_family_arm_m3_Hwi_Module__state__V
  20000178    20000178    0000002c   00000000    rw- .data:ti_sysbios_knl_Clock_Module__state__V
  200001a4    200001a4    00000024   00000000    rw- .data:ti_sysbios_BIOS_Module__state__V
  200001c8    200001c8    0000001c   00000000    rw- .data:ti_sysbios_knl_Swi_Module__state__V
  200001e4    200001e4    00000008   00000000    rw- .data:ti_sysbios_family_arm_cc26xx_Timer_Module__state__V
  200001ec    200001ec    00000004   00000000    rw- .data:ti_sysbios_family_arm_cc26xx_TimestampProvider_Module__state__V
  200001f0    200001f0    00000008   00000000    rw- .data:xdc_runtime_Startup_Module__state__V
  200001f8    200001f8    00000008   00000000    rw- .data:xdc_runtime_System_Module__state__V
  20000200    20000200    00000004   00000000    rw- .data:xdc_runtime_Memory_Module__state__V
  20000208    20000208    00001821   00000000    rw- .bss
  20001a30    20001a30    00000608   00000000    rw- .data
20004e00    20004e00    00000200   00000000    rw-
  20004e00    20004e00    00000200   00000000    rw- .stack


SECTION ALLOCATION MAP

 output                                  attributes/
section   page    origin      length       input sections
--------  ----  ----------  ----------   ----------------
.const     0    0000003c    00000b48     
                  0000003c    00000278     smartrf_settings.obj (.const:patchImageGenfsk)
                  000002b4    00000278     smartrf_settings_predefined.obj (.const:patchImageGenfsk)
                  0000052c    00000278     smartrf_settings_predefined.obj (.const:patchImageLrm)
                  000007a4    000001e6     scif.obj (.const:pAuxRamImage)
                  0000098a    00000001     rfWsnNode_pem3.oem3 (.const:xdc_runtime_Text_charTab__A)
                  0000098b    00000001     --HOLE-- [fill = 0]
                  0000098c    0000004c     CC1310DK_7XD.obj (.const:BoardGpioInitTable)
                  000009d8    0000004c     drivers_cc13xxware.aem3 : PowerCC26XX.oem3 (.const:resourceDB)
                  00000a24    00000048     rfWsnNode_pem3.oem3 (.const:.string)
                  00000a6c    00000030     scif.obj (.const)
                  00000a9c    00000025     CC1310DK_7XD.obj (.const)
                  00000ac1    00000003     --HOLE-- [fill = 0]
                  00000ac4    00000024     rfWsnNode_pem3.oem3 (.const:xdc_runtime_Startup_sfxnTab__A)
                  00000ae8    00000020     rfWsnNode_pem3.oem3 (.const:ti_sysbios_knl_Event_Object__DESC__C)
                  00000b08    0000001c     drivers_cc13xxware.aem3 : RF.oem3 (.const)
                  00000b24    00000018     rfWsnNode_pem3.oem3 (.const:ti_sysbios_knl_Event_Object__PARAMS__C)
                  00000b3c    00000012     rfWsnNode_pem3.oem3 (.const:xdc_runtime_Startup_sfxnRts__A)
                  00000b4e    00000010     scif.obj (.const:.string)
                  00000b5e    00000002     --HOLE-- [fill = 0]
                  00000b60    0000000c     rfWsnNode_pem3.oem3 (.const:xdc_runtime_Startup_firstFxns__A)
                  00000b6c    00000008     CC1310DK_7XD.obj (.const:PINCC26XX_hwAttrs)
                  00000b74    00000004     rfWsnNode_pem3.oem3 (.const:ti_sysbios_knl_Clock_tickPeriod__C)
                  00000b78    00000004     rfWsnNode_pem3.oem3 (.const:ti_sysbios_knl_Clock_triggerClock__C)
                  00000b7c    00000004     rfWsnNode_pem3.oem3 (.const:ti_sysbios_knl_Event_Instance_State_pendQ__O)
                  00000b80    00000004     rfWsnNode_pem3.oem3 (.const:ti_sysbios_knl_Idle_funcList__A)

.text      0    000014f0    0000590c     
                  000014f0    000003ac     driverlib.lib : setup.obj (.text:HapiTrimDeviceShutDown)
                  0000189c    000002fc     drivers_cc13xxware.aem3 : RF.oem3 (.text:fsmActiveState)
                  00001b98    0000023c     EasyLink.obj (.text:EasyLink_init)
                  00001dd4    00000230     driverlib.lib : sys_ctrl.obj (.text:SysCtrlSetRechargeBeforePowerDown)
                  00002004    00000228     drivers_cc13xxware.aem3 : PowerCC26XX.oem3 (.text:Power_sleep)
                  0000222c    000001f4     rtsv7M3_T_le_eabi.lib : ull_div_t2.obj (.text)
                  00002420    000001ec     drivers_cc13xxware.aem3 : RF.oem3 (.text:abortCmd)
                  0000260c    000001ec                             : PowerCC26XX_calibrateRCOSC.oem3 (.text:calibrateRcoscHf1)
                  000027f8    000001e0                             : PINCC26XX.oem3 (.text:PIN_init)
                  000029d8    00000198                             : PowerCC26XX_calibrateRCOSC.oem3 (.text:PowerCC26XX_doCalibrate)
                  00002b70    00000184                             : RF.oem3 (.text:RF_postCmd)
                  00002cf4    0000016c                             : RF.oem3 (.text:hwiFxnCpe0Active)
                  00002e60    00000168     EasyLink.obj (.text:rxDoneCallback)
                  00002fc8    00000158     NodeRadioTask.obj (.text:nodeRadioTaskFunction)
                  00003120    00000140     EasyLink.obj (.text:EasyLink_receiveAsync)
                  00003260    00000140     EasyLink.obj (.text:EasyLink_transmit)
                  000033a0    00000128     drivers_cc13xxware.aem3 : PowerCC26XX.oem3 (.text:Power_init)
                  000034c8    00000124                             : RF.oem3 (.text:fsmSetupState)
                  000035ec    00000114                             : RF.oem3 (.text:rf_init)
                  00003700    000000fc     scif_framework.obj (.text:scifInit)
                  000037fc    000000f8     drivers_cc13xxware.aem3 : RF.oem3 (.text:RF_close)
                  000038f4    000000e8     NodeRadioTask.obj (.text:sendAdcPacket)
                  000039dc    000000e8     rom_sysbios.aem3 : rom_sysbios.obj (.text:ti_sysbios_knl_Event_pend__E)
                  00003ac4    000000e0     scif_framework.obj (.text:scifCtrlTasksNbl)
                  00003ba4    000000d8     EasyLink.obj (.text:EasyLink_enableRxAddrFilter)
                  00003c7c    000000d8     NodeRadioTask.obj (.text:NodeRadioTask_init)
                  00003d54    000000d4     driverlib.lib : rfc.obj (.text:NOROM_RFCRfTrimRead)
                  00003e28    000000d4     drivers_cc13xxware.aem3 : PowerCC26XX.oem3 (.text:Power_releaseDependency)
                  00003efc    000000d0     EasyLink.obj (.text:EasyLink_setFrequency)
                  00003fcc    000000d0     drivers_cc13xxware.aem3 : PowerCC26XX.oem3 (.text:Power_setDependency)
                  0000409c    000000cc     scif_framework.obj (.text:scifInitIo)
                  00004168    000000c4     drivers_cc13xxware.aem3 : RF.oem3 (.text:fsmPowerUpState)
                  0000422c    000000bc     power_cc13xx_tirtos.aem3 : PowerCC26XX_tirtos.oem3 (.text:PowerCC26XX_standbyPolicy)
                  000042e8    000000bc     drivers_cc13xxware.aem3 : RF.oem3 (.text:RF_open)
                  000043a4    000000bc                             : RF.oem3 (.text:RF_pendCmd)
                  00004460    000000bc     NodeTask.obj (.text:nodeTaskFunction)
                  0000451c    000000b8     drivers_cc13xxware.aem3 : PINCC26XX.oem3 (.text:PINCC26XX_setIoCfg)
                  000045d4    000000ac                             : RF.oem3 (.text:swiFxnHw)
                  00004680    000000a4     NodeRadioTask.obj (.text:resendPacket)
                  00004724    000000a0     auto_init.aem3 : auto_init.oem3 (.text)
                  000047c4    000000a0     driverlib.lib : setup.obj (.text:trimDevice)
                  00004864    0000009c     drivers_cc13xxware.aem3 : RF.oem3 (.text:fsmPowerDownState)
                  00004900    0000009c     rtsv7M3_T_le_eabi.lib : memcpy_t2.obj (.text)
                  0000499c    00000098     rom_sysbios.aem3 : rom_sysbios.obj (.text:ti_sysbios_knl_Clock_workFuncDynamic__E)
                  00004a34    00000094     drivers_cc13xxware.aem3 : PINCC26XX.oem3 (.text:PIN_open)
                  00004ac8    00000090     EasyLink.obj (.text:EasyLink_abort)
                  00004b58    00000090     drivers_cc13xxware.aem3 : PowerCC26XX.oem3 (.text:switchXOSCHFclockFunc)
                  00004be8    0000008c                             : PowerCC26XX.oem3 (.text:disableLFClockQualifiers)
                  00004c74    00000088                             : PowerCC26XX_calibrateRCOSC.oem3 (.text:calibrateRcoscHf2)
                  00004cfc    0000007a     rtsv7M3_T_le_eabi.lib : memset_t2.obj (.text)
                  00004d76    00000002     SceAdc.obj (.text:ctrlReadyCallback)
                  00004d78    00000070     driverlib.lib : chipinfo.obj (.text:ChipInfo_GetHwRevision)
                  00004de8    00000070                   : setup.obj (.text:SetVddrLevel)
                  00004e58    00000070     rom_sysbios.aem3 : rom_sysbios.obj (.text:ti_sysbios_knl_Event_post__E)
                  00004ec8    0000006c     NodeTask.obj (.text:NodeTask_init)
                  00004f34    0000006c     drivers_cc13xxware.aem3 : PowerCC26XX_calibrateRCOSC.oem3 (.text:PowerCC26XX_auxISR)
                  00004fa0    0000006c                             : PowerCC26XX.oem3 (.text:PowerCC26XX_calibrate)
                  0000500c    0000006c     scif_framework.obj (.text:scifGetTaskStruct)
                  00005078    0000006a     rtsv7M3_T_le_eabi.lib : copy_decompress_rle.obj (.text)
                  000050e2    00000002     drivers_cc13xxware.aem3 : PowerCC26XX.oem3 (.text:emptyClockFunc)
                  000050e4    00000068     driverlib.lib : setup.obj (.text:GetTrimForAmpcompCtrl)
                  0000514c    00000068                   : setup.obj (.text:GetTrimForAnabypassValue1)
                  000051b4    00000064                   : osc.obj (.text:OSCHF_AttemptToSwitchToXosc)
                  00005218    00000064     drivers_cc13xxware.aem3 : RF.oem3 (.text:decActiveClientCnt)
                  0000527c    00000064     rom_sysbios.aem3 : rom_sysbios.obj (.text:ti_sysbios_family_arm_cc26xx_Timer_start__E)
                  000052e0    00000060     driverlib.lib : osc.obj (.text:NOROM_OSCClockSourceSet)
                  00005340    00000060                   : sys_ctrl.obj (.text:SysCtrl_DCDC_VoltageConditionalControl)
                  000053a0    00000060     drivers_cc13xxware.aem3 : PowerCC26XX_calibrateRCOSC.oem3 (.text:updateSubSecInc)
                  00005400    0000005c     NodeRadioTask.obj (.text:NodeRadioTask_sendAdcData)
                  0000545c    0000005c     drivers_cc13xxware.aem3 : PowerCC26XX_calibrateRCOSC.oem3 (.text:PowerCC26XX_RCOSC_clockFunc)
                  000054b8    0000005c                             : RF.oem3 (.text:RF_getCurrentTime)
                  00005514    0000005c     driverlib.lib : sys_ctrl.obj (.text:SysCtrlAdjustRechargeAfterPowerDown)
                  00005570    0000005c     drivers_cc13xxware.aem3 : RF.oem3 (.text:fsmPatchState)
                  000055cc    0000005c     rfWsnNode_pem3.oem3 (.text:xdc_runtime_Startup_getState__I)
                  00005628    00000058     drivers_cc13xxware.aem3 : PowerCC26XX_calibrateRCOSC.oem3 (.text:PowerCC26XX_initiateCalibration)
                  00005680    00000058                             : RF.oem3 (.text:ratChanFree)
                  000056d8    00000058     scif_framework.obj (.text:scifUninitIo)
                  00005730    00000054     SceAdc.obj (.text:SceAdc_init)
                  00005784    00000054     smartrf_settings.obj (.text:configurePatchGenfsk)
                  000057d8    00000054     smartrf_settings_predefined.obj (.text:configurePatchGenfsk)
                  0000582c    00000054     smartrf_settings_predefined.obj (.text:configurePatchLrm)
                  00005880    00000054     drivers_cc13xxware.aem3 : PowerCC26XX.oem3 (.text:configureXOSCHF)
                  000058d4    00000054                             : RF.oem3 (.text:dispatchOpWhen)
                  00005928    00000054                             : RF.oem3 (.text:hwiFxnHw)
                  0000597c    00000050     driverlib.lib : setup.obj (.text:SetupCacheModeAccordingToCcfgSetting)
                  000059cc    00000050     drivers_cc13xxware.aem3 : RF.oem3 (.text:syncCb)
                  00005a1c    0000004c     rtsv7M3_T_le_eabi.lib : cpy_tbl.obj (.text)
                  00005a68    00000048     driverlib.lib : chipinfo.obj (.text:ChipInfo_GetChipFamily)
                  00005ab0    00000048     drivers_cc13xxware.aem3 : PINCC26XX.oem3 (.text:PIN_swi)
                  00005af8    00000048                             : RF.oem3 (.text:RF_runCmd)
                  00005b40    00000048                             : RF.oem3 (.text:fsmXOSCState)
                  00005b88    00000048                             : PowerCC26XX.oem3 (.text:notify)
                  00005bd0    00000044     boot.aem3 : boot.oem3 (.text)
                  00005c14    00000044     rfWsnNode.obj (.text:main)
                  00005c58    00000044     NodeRadioTask.obj (.text:returnRadioOperationStatus)
                  00005c9c    00000044     scif.obj (.text:scifStartRtcTicks)
                  00005ce0    00000040     scif.obj (.text:scifStartRtcTicksNow)
                  00005d20    0000003c     driverlib.lib : rfc.obj (.text:NOROM_RFCSynthPowerDown)
                  00005d5c    0000003c                   : osc.obj (.text:OSC_HPOSCRelativeFrequencyOffsetGet)
                  00005d98    0000003c     drivers_cc13xxware.aem3 : PINCC26XX.oem3 (.text:PIN_setOutputValue)
                  00005dd4    00000038                             : I2C.oem3 (.text:I2C_init)
                  00005e0c    00000038     NodeRadioTask.obj (.text:rxDoneCallback)
                  00005e44    00000038     rom_sysbios.aem3 : rom_sysbios.obj (.text:ti_sysbios_family_arm_cc26xx_Timer_getCurrentTick__E)
                  00005e7c    00000036     drivers_cc13xxware.aem3 : RF.oem3 (.text:updateImplicitState)
                  00005eb2    00000002     smartrf_settings.obj (.text:enterSysPatchGenfsk)
                  00005eb4    00000034     driverlib.lib : osc.obj (.text:OSCHF_SwitchToRcOscTurnOffXosc)
                  00005ee8    00000034     drivers_cc13xxware.aem3 : PINCC26XX.oem3 (.text:PIN_setConfig)
                  00005f1c    00000034     SceAdc.obj (.text:taskAlertCallback)
                  00005f50    00000032     rom_sysbios.aem3 : rom_sysbios.obj (.text:ti_sysbios_family_arm_cc26xx_Timer_setNextTick__E)
                  00005f82    00000002     smartrf_settings_predefined.obj (.text:enterSysPatchGenfsk)
                  00005f84    00000030     drivers_cc13xxware.aem3 : PowerCC26XX.oem3 (.text:Power_releaseConstraint)
                  00005fb4    00000030                             : PowerCC26XX.oem3 (.text:Power_setConstraint)
                  00005fe4    00000030     driverlib.lib : setup.obj (.text:SetAonRtcSubSecInc)
                  00006014    00000030     scif_framework.obj (.text:osalRegisterCtrlReadyInt)
                  00006044    00000030     scif_framework.obj (.text:osalRegisterTaskAlertInt)
                  00006074    00000030     rfWsnNode_pem3.oem3 (.text:ti_sysbios_BIOS_atExitFunc__I)
                  000060a4    00000030     rom_sysbios.aem3 : rom_sysbios.obj (.text:ti_sysbios_family_arm_cc26xx_Timer_initDevice__I)
                  000060d4    00000030                      : rom_sysbios.obj (.text:ti_sysbios_family_arm_cc26xx_Timer_setThreshold__I)
                  00006104    0000002c     driverlib.lib : osc.obj (.text:NOROM_OSCClockSourceGet)
                  00006130    0000002c     drivers_cc13xxware.aem3 : RF.oem3 (.text:Q_push)
                  0000615c    0000002c     scif_framework.obj (.text:osalLockCtrlTaskNbl)
                  00006188    0000002c     rom_sysbios.aem3 : rom_sysbios.obj (.text:ti_sysbios_knl_Clock_getTicksUntilInterrupt__E)
                  000061b4    0000002c     rfWsnNode_pem3.oem3 (.text:ti_sysbios_knl_Event_construct)
                  000061e0    0000002c     rom_sysbios.aem3 : rom_sysbios.obj (.text:ti_sysbios_knl_Event_pendTimeout__I)
                  0000620c    00000028     driverlib.lib : aon_batmon.obj (.text:AONBatMonTemperatureGetDegC)
                  00006234    00000028                   : setup.obj (.text:GetTrimForRadcExtCfg)
                  0000625c    00000028                   : adi.obj (.text:SafeHapiVoid)
                  00006284    00000028     rom_sysbios.aem3 : rom_sysbios.obj (.text:ti_sysbios_family_arm_cc26xx_Timer_getMaxTicks__E)
                  000062ac    00000024     NodeTask.obj (.text:adcCallback)
                  000062d0    00000024     drivers_cc13xxware.aem3 : PowerCC26XX_calibrateRCOSC.oem3 (.text:getTdcSemaphore)
                  000062f4    00000024                             : RF.oem3 (.text:hwiFxnCpe0PowerFsm)
                  00006318    00000024     scif_framework.obj (.text:osalIndicateCtrlReady)
                  0000633c    00000024     scif_framework.obj (.text:scifAckAlertEvents)
                  00006360    00000024     scif_framework.obj (.text:scifOsalInit)
                  00006384    00000024     rfWsnNode_pem3.oem3 (.text:ti_sysbios_BIOS_registerRTSLock__I)
                  000063a8    00000024     rfWsnNode_pem3.oem3 (.text:ti_sysbios_BIOS_removeRTSLock__I)
                  000063cc    00000024     rfWsnNode_pem3.oem3 (.text:ti_sysbios_BIOS_startFunc__I)
                  000063f0    00000020     driverlib.lib : setup.obj (.text:GetTrimForXoscHfCtl)
                  00006410    00000020                   : rfc.obj (.text:NOROM_RFCDoorbellSendTo)
                  00006430    00000020     drivers_cc13xxware.aem3 : RF.oem3 (.text:applyExtraAdi3VcoLdoVoltageModeOverrideCC13xx)
                  00006450    00000020     scif.obj (.text:scifTaskResourceInit)
                  00006470    00000020     rfWsnNode_pem3.oem3 (.text:ti_sysbios_BIOS_rtsLock__I)
                  00006490    00000020     rom_sysbios.aem3 : rom_sysbios.obj (.text:ti_sysbios_knl_Clock_stop__E)
                  000064b0    00000020                      : rom_sysbios.obj (.text:ti_sysbios_knl_Event_checkEvents__I)
                  000064d0    0000001e     drivers_cc13xxware.aem3 : PowerCC26XX.oem3 (.text:Power_getTransitionLatency)
                  000064ee    00000002     smartrf_settings_predefined.obj (.text:enterSysPatchLrm)
                  000064f0    0000001c     driverlib.lib : setup.obj (.text:GetTrimForAmpcompTh2)
                  0000650c    0000001c                   : setup.obj (.text:GetTrimForRcOscLfRtuneCtuneTrim)
                  00006528    0000001c     drivers_cc13xxware.aem3 : PINCC26XX.oem3 (.text:PINCC26XX_setIoCfgMux)
                  00006544    0000001c                             : PINCC26XX.oem3 (.text:PIN_hwi)
                  00006560    0000001c                             : PowerCC26XX.oem3 (.text:Power_idleFunc)
                  0000657c    0000001c                             : RF.oem3 (.text:clkPowerUpFxn)
                  00006598    0000001c     smartrf_settings.obj (.text:enterCpePatchGenfsk)
                  000065b4    0000001c     smartrf_settings_predefined.obj (.text:enterCpePatchGenfsk)
                  000065d0    0000001c     smartrf_settings_predefined.obj (.text:enterCpePatchLrm)
                  000065ec    0000001c     rom_sysbios.aem3 : rom_sysbios.obj (.text:ti_sysbios_family_arm_cc26xx_Timer_dynamicStub__E)
                  00006608    0000001c                      : rom_sysbios.obj (.text:ti_sysbios_family_arm_m3_Hwi_clearInterrupt__E)
                  00006624    00000018     driverlib.lib : chipinfo.obj (.text:ChipInfo_GetPackageType)
                  0000663c    00000018                   : setup.obj (.text:GetTrimForAdcShModeEn)
                  00006654    00000018                   : setup.obj (.text:GetTrimForAdcShVbufEn)
                  0000666c    00000018                   : setup.obj (.text:GetTrimForAmpcompTh1)
                  00006684    00000018                   : setup.obj (.text:GetTrimForDblrLoopFilterResetVoltage)
                  0000669c    00000018                   : setup.obj (.text:GetTrimForRcOscLfIBiasTrim)
                  000066b4    00000018                   : setup.obj (.text:GetTrimForXoscLfRegulatorAndCmirrwrRatio)
                  000066cc    00000018                   : aon_rtc.obj (.text:NOROM_AONRTCCurrentCompareValueGet)
                  000066e4    00000018                   : rfc.obj (.text:NOROM_RFCCpeIntGetAndClear)
                  000066fc    00000018                   : osc.obj (.text:OSCHF_TurnOnXosc)
                  00006714    00000018     drivers_cc13xxware.aem3 : RF.oem3 (.text:Q_pop)
                  0000672c    00000018                             : PowerCC26XX.oem3 (.text:configureRFCoreClocks)
                  00006744    00000018     rtsv7M3_T_le_eabi.lib : args_main.obj (.text)
                  0000675c    00000018                           : ll_mul_t2.obj (.text)
                  00006774    00000018     scif_framework.obj (.text:scifClearAlertIntSource)
                  0000678c    00000018     drivers_cc13xxware.aem3 : RF.oem3 (.text:swiFxnFsm)
                  000067a4    00000018     rfWsnNode_pem3.oem3 (.text:ti_sysbios_BIOS_rtsUnlock__I)
                  000067bc    00000018     rom_sysbios.aem3 : rom_sysbios.obj (.text:ti_sysbios_knl_Swi_or__E)
                  000067d4    00000018     rfWsnNode_pem3.oem3 (.text:ti_sysbios_rom_cortexm_cc13xx_CC13xx_checkRevision__E)
                  000067ec    00000016     driverlib.lib : chipinfo.obj (.text:ThisCodeIsBuiltForCC13xxHwRev20AndLater_HaltIfViolated)
                  00006802    00000016     scif.obj (.text:scifTaskResourceUninit)
                  00006818    00000016     rfWsnNode_pem3.oem3 (.text:ti_sysbios_BIOS_exitFunc__I)
                  0000682e    00000016     scif_framework.obj (.text:ti_sysbios_family_arm_m3_Hwi_Params_init)
                  00006844    00000016     NodeRadioTask.obj (.text:ti_sysbios_knl_Event_Params_init)
                  0000685a    00000016     NodeTask.obj (.text:ti_sysbios_knl_Event_Params_init)
                  00006870    00000016     EasyLink.obj (.text:ti_sysbios_knl_Semaphore_Params_init)
                  00006886    00000016     NodeRadioTask.obj (.text:ti_sysbios_knl_Semaphore_Params_init)
                  0000689c    00000016     scif_framework.obj (.text:ti_sysbios_knl_Semaphore_Params_init)
                  000068b2    00000016     NodeRadioTask.obj (.text:ti_sysbios_knl_Task_Params_init)
                  000068c8    00000016     NodeTask.obj (.text:ti_sysbios_knl_Task_Params_init)
                  000068de    00000002     rfWsnNode_pem3.oem3 (.text:ti_sysbios_BIOS_nullFunc__I)
                  000068e0    00000014     driverlib.lib : aon_rtc.obj (.text:NOROM_AONRTCCurrent64BitValueGet)
                  000068f4    00000014     drivers_cc13xxware.aem3 : PINCC26XX.oem3 (.text:PINCC26XX_getOutputValue)
                  00006908    00000014     SceAdc.obj (.text:SceAdc_registerAdcCallback)
                  0000691c    00000014     NodeRadioTask.obj (.text:ackTimeoutCallback)
                  00006930    00000014     scif_framework.obj (.text:osalIndicateTaskAlert)
                  00006944    00000014     rtsv7M3_T_le_eabi.lib : _lock.obj (.text)
                  00006958    00000014     scif_framework.obj (.text:scifOsalRegisterCtrlReadyCallback)
                  0000696c    00000014     scif_framework.obj (.text:scifOsalRegisterTaskAlertCallback)
                  00006980    00000014     rfWsnNode_pem3.oem3 (.text:ti_sysbios_knl_Clock_doTick__I)
                  00006994    00000014     rom_sysbios.aem3 : rom_sysbios.obj (.text:ti_sysbios_knl_Event_Instance_init__E)
                  000069a8    00000012     scif_framework.obj (.text:scifStartTasksNbl)
                  000069ba    00000012     rfWsnNode_pem3.oem3 (.text:xdc_runtime_Startup_exec__I)
                  000069cc    00000010     drivers_cc13xxware.aem3 : RF.oem3 (.text:FsmDispatch)
                  000069dc    00000010     driverlib.lib : setup.obj (.text:GetTrimForXoscHfFastStart)
                  000069ec    00000010                   : setup.obj (.text:GetTrimForXoscHfIbiastherm)
                  000069fc    00000010                   : rfc.obj (.text:NOROM_RFCRfTrimSet)
                  00006a0c    00000010     drivers_cc13xxware.aem3 : RF.oem3 (.text:RF_Params_init)
                  00006a1c    00000010     smartrf_settings.obj (.text:rf_patch_cpe_genfsk)
                  00006a2c    00000010     smartrf_settings_predefined.obj (.text:rf_patch_cpe_genfsk)
                  00006a3c    00000010     smartrf_settings_predefined.obj (.text:rf_patch_cpe_lrm)
                  00006a4c    00000010     rom_sysbios.aem3 : rom_sysbios.obj (.text:ti_sysbios_family_arm_m3_Hwi_post__E)
                  00006a5c    0000000e     driverlib.lib : vims.obj (.text:NOROM_VIMSModeGet)
                  00006a6a    0000000e                   : setup.obj (.text:SignExtendVddrTrimValue)
                  00006a78    0000000e     rtsv7M3_T_le_eabi.lib : copy_decompress_none.obj (.text:decompress:none)
                  00006a86    0000000e     scif_framework.obj (.text:osalCtrlReadyIsr)
                  00006a94    0000000e     scif_framework.obj (.text:osalTaskAlertIsr)
                  00006aa2    0000000e     rom_sysbios.aem3 : rom_sysbios.obj (.text:ti_sysbios_family_arm_cc26xx_TimestampProvider_get32__E)
                  00006ab0    0000000c     drivers_cc13xxware.aem3 : RF.oem3 (.text:FsmNextState)
                  00006abc    0000000c     driverlib.lib : cpu.obj (.text:NOROM_CPUcpsid)
                  00006ac8    0000000c                   : cpu.obj (.text:NOROM_CPUcpsie)
                  00006ad4    0000000c     drivers_cc13xxware.aem3 : PowerCC26XX.oem3 (.text:Power_getConstraintMask)
                  00006ae0    0000000c                             : PowerCC26XX.oem3 (.text:Power_getDependencyCount)
                  00006aec    0000000c     NodeRadioTask.obj (.text:TRNGDisable)
                  00006af8    0000000c     NodeRadioTask.obj (.text:TRNGEnable)
                  00006b04    0000000c     NodeRadioTask.obj (.text:TRNGStatusGet)
                  00006b10    0000000c     rtsv7M3_T_le_eabi.lib : copy_zero_init.obj (.text:decompress:ZI)
                  00006b1c    0000000c     scif_framework.obj (.text:osalUnlockCtrlTaskNbl)
                  00006b28    0000000c     scif_framework.obj (.text:scifGetAlertEvents)
                  00006b34    0000000c     scif_framework.obj (.text:scifOsalLeaveCriticalSection)
                  00006b40    0000000c     NodeRadioTask.obj (.text:ti_sysbios_knl_Clock_handle)
                  00006b4c    0000000c     rfWsnNode_pem3.oem3 (.text:ti_sysbios_knl_Event_Params__init__S)
                  00006b58    0000000c     NodeRadioTask.obj (.text:ti_sysbios_knl_Event_handle)
                  00006b64    0000000c     NodeTask.obj (.text:ti_sysbios_knl_Event_handle)
                  00006b70    0000000c     NodeRadioTask.obj (.text:ti_sysbios_knl_Semaphore_handle)
                  00006b7c    0000000c     scif_framework.obj (.text:ti_sysbios_knl_Semaphore_handle)
                  00006b88    0000000c     rom_sysbios.aem3 : rom_sysbios.obj (.text:ti_sysbios_knl_Swi_getTrigger__E)
                  00006b94    0000000c     rfWsnNode_pem3.oem3 (.text:xdc_runtime_Startup_reset__I)
                  00006ba0    0000000a     drivers_cc13xxware.aem3 : List.oem3 (.text:List_empty)
                  00006baa    0000000a     SceAdc.obj (.text:SceAdc_start)
                  00006bb4    0000000a     scif_framework.obj (.text:osalClearCtrlReadyInt)
                  00006bbe    0000000a     scif_framework.obj (.text:osalClearTaskAlertInt)
                  00006bc8    0000000a     scif_framework.obj (.text:osalDisableCtrlReadyInt)
                  00006bd2    0000000a     scif_framework.obj (.text:osalDisableTaskAlertInt)
                  00006bdc    0000000a     scif_framework.obj (.text:osalEnableCtrlReadyInt)
                  00006be6    0000000a     scif_framework.obj (.text:osalEnableTaskAlertInt)
                  00006bf0    00000008     scif_framework.obj (.text:scifOsalEnterCriticalSection)
                  00006bf8    00000006     rom_sysbios.aem3 : rom_sysbios.obj (.text:__xdc__init)
                  00006bfe    00000006     drivers_cc13xxware.aem3 : RF.oem3 (.text:clkInactivityFxn)
                  00006c04    00000006     rtsv7M3_T_le_eabi.lib : copy_decompress_rle.obj (.text:decompress:rle24)
                  00006c0a    00000006     rom_sysbios.aem3 : rom_sysbios.obj (.text:ti_sysbios_family_arm_m3_Hwi_setFunc__E)
                  00006c10    00000004     drivers_cc13xxware.aem3 : List.oem3 (.text:List_head)
                  00006c14    00000004                             : List.oem3 (.text:List_next)
                  00006c18    00000004                             : RF.oem3 (.text:Q_peek)
                  00006c1c    00000004                             : PowerCC26XX.oem3 (.text:nopResourceHandler)
                  00006c20    00000004     rom_sysbios.aem3 : rom_sysbios.obj (.text:ti_sysbios_family_arm_cc26xx_Timer_getCount64__E)
                  00006c24    00000002                      : rom_sysbios.obj (.text:ti_sysbios_knl_Clock_triggerFunc__I)
                  00006c26    00000002     rfWsnNode_pem3.oem3 (.text:ti_sysbios_rom_cortexm_cc13xx_CC13xx_badRomRevision__E)
                  00006c28    00000002     rom_sysbios.aem3 : rom_sysbios.obj (.text:xdc_runtime_SysCallback_defaultAbort)
                  00006c2a    00000002                      : rom_sysbios.obj (.text:xdc_runtime_SysCallback_defaultExit)
                  00006c2c    00000008     (.tramp.ti_sysbios_family_arm_m3_Hwi_disableInterrupt__E.1)
                  00006c34    00000008     (.tramp.xdc_runtime_Core_assignParams__I.1)
                  00006c3c    00000008     (.tramp.xdc_runtime_Startup_startMods__I.1)
                  00006c44    00000008     (.tramp.ti_sysbios_knl_Queue_construct.1)
                  00006c4c    00000008     (.tramp.ti_sysbios_knl_Clock_logTick__E.1)
                  00006c54    00000008     (.tramp.ti_sysbios_knl_Task_Params__init__S.1)
                  00006c5c    00000008     (.tramp.ti_sysbios_knl_Swi_post__E.1)
                  00006c64    00000008     (.tramp.ti_sysbios_BIOS_RtsGateProxy_leave__E.1)
                  00006c6c    00000008     (.tramp.ti_sysbios_BIOS_RtsGateProxy_enter__E.1)
                  00006c74    00000008     (.tramp.ti_sysbios_knl_Task_startup__E.1)
                  00006c7c    00000008     (.tramp.ti_sysbios_knl_Swi_startup__E.1)
                  00006c84    00000008     (.tramp.ti_sysbios_hal_Hwi_HwiProxy_startup__E.1)
                  00006c8c    00000008     (.tramp.ti_sysbios_family_arm_cc26xx_Timer_startup__E.1)
                  00006c94    00000008     (.tramp.xdc_runtime_System_atexit__E.1)
                  00006c9c    00000008     (.tramp.xdc_runtime_Core_constructObject__I.1)
                  00006ca4    00000008     (.tramp.ti_sysbios_BIOS_setThreadType__E.1)
                  00006cac    00000008     (.tramp.ti_sysbios_BIOS_start__E.1)
                  00006cb4    00000008     (.tramp.xdc_runtime_System_exit__E.1)
                  00006cbc    00000008     (.tramp.ti_sysbios_knl_Task_unblockI__E.1)
                  00006cc4    00000008     (.tramp.ti_sysbios_knl_Queue_remove__E.1)
                  00006ccc    00000008     (.tramp.ti_sysbios_knl_Queue_head__E.1)
                  00006cd4    00000008     (.tramp.ti_sysbios_knl_Queue_empty__E.1)
                  00006cdc    00000008     (.tramp.ti_sysbios_knl_Clock_scheduleNextTick__E.1)
                  00006ce4    00000008     (.tramp.ti_sysbios_knl_Clock_walkQueueDynamic__E.1)
                  00006cec    00000008     (.tramp.ti_sysbios_knl_Clock_TimerProxy_getCurrentTick__E.1)
                  00006cf4    00000008     (.tramp.ti_sysbios_family_arm_m3_Hwi_enableInterrupt__E.1)
                  00006cfc    00000008     (.tramp.ti_sysbios_knl_Task_construct.1)
                  00006d04    00000008     (.tramp.ti_sysbios_knl_Clock_removeI__E.1)
                  00006d0c    00000008     (.tramp.ti_sysbios_knl_Clock_startI__E.1)
                  00006d14    00000008     (.tramp.ti_sysbios_knl_Task_blockI__E.1)
                  00006d1c    00000008     (.tramp.ti_sysbios_knl_Queue_enqueue__E.1)
                  00006d24    00000008     (.tramp.ti_sysbios_knl_Task_self__E.1)
                  00006d2c    00000008     (.tramp.ti_sysbios_knl_Clock_addI__E.1)
                  00006d34    00000008     (.tramp.ti_sysbios_family_arm_m3_Hwi_destruct.1)
                  00006d3c    00000008     (.tramp.ti_sysbios_knl_Swi_destruct.1)
                  00006d44    00000008     (.tramp.ti_sysbios_knl_Clock_destruct.1)
                  00006d4c    00000008     (.tramp.ti_sysbios_knl_Semaphore_destruct.1)
                  00006d54    00000008     (.tramp.ti_sysbios_knl_Clock_construct.1)
                  00006d5c    00000008     (.tramp.ti_sysbios_knl_Clock_Params__init__S.1)
                  00006d64    00000008     (.tramp.xdc_runtime_System_abort__E.1)
                  00006d6c    00000008     (.tramp.ti_sysbios_knl_Swi_construct.1)
                  00006d74    00000008     (.tramp.ti_sysbios_knl_Swi_Params__init__S.1)
                  00006d7c    00000008     (.tramp.ti_sysbios_family_arm_m3_Hwi_construct.1)
                  00006d84    00000008     (.tramp.ti_sysbios_family_arm_m3_Hwi_Params__init__S.1)
                  00006d8c    00000008     (.tramp.ti_sysbios_knl_Semaphore_construct.1)
                  00006d94    00000008     (.tramp.ti_sysbios_knl_Semaphore_Params__init__S.1)
                  00006d9c    00000008     (.tramp.ti_sysbios_knl_Task_restore__E.1)
                  00006da4    00000008     (.tramp.ti_sysbios_knl_Swi_restore__E.1)
                  00006dac    00000008     (.tramp.ti_sysbios_knl_Swi_disable__E.1)
                  00006db4    00000008     (.tramp.ti_sysbios_knl_Task_disable__E.1)
                  00006dbc    00000008     (.tramp.ti_sysbios_knl_Semaphore_post__E.1)
                  00006dc4    00000008     (.tramp.ti_sysbios_knl_Semaphore_create.1)
                  00006dcc    00000008     (.tramp.xdc_runtime_Error_init__E.1)
                  00006dd4    00000008     (.tramp.ti_sysbios_knl_Semaphore_pend__E.1)
                  00006ddc    00000008     (.tramp.ti_sysbios_knl_Clock_start__E.1)
                  00006de4    00000008     (.tramp.ti_sysbios_knl_Clock_setTimeout__E.1)
                  00006dec    00000008     (.tramp.ti_sysbios_family_arm_m3_Hwi_restoreFxn__E.1)
                  00006df4    00000008     (.tramp.ti_sysbios_family_arm_m3_Hwi_disableFxn__E.1)

.cinit     0    00006e00    00000550     
                  00006e00    000003b7     (.cinit..data.load) [load image, compression = rle]
                  000071b7    00000001     --HOLE-- [fill = 0]
                  000071b8    0000002c     (.cinit..data:ti_sysbios_family_arm_m3_Hwi_Module__state__V.load) [load image, compression = rle]
                  000071e4    00000004     --HOLE-- [fill = 0]
                  000071e8    0000002c     (.cinit..data:ti_sysbios_knl_Task_Module__state__V.load) [load image, compression = rle]
                  00007214    00000004     --HOLE-- [fill = 0]
                  00007218    00000021     (.cinit..data:ti_sysbios_knl_Clock_Module__state__V.load) [load image, compression = rle]
                  00007239    00000007     --HOLE-- [fill = 0]
                  00007240    0000001f     (.cinit..data:ti_sysbios_BIOS_Module__state__V.load) [load image, compression = rle]
                  0000725f    00000001     --HOLE-- [fill = 0]
                  00007260    00000011     (.cinit..data:ti_sysbios_knl_Swi_Module__state__V.load) [load image, compression = rle]
                  00007271    00000007     --HOLE-- [fill = 0]
                  00007278    0000000d     (.cinit..data:ti_sysbios_family_arm_cc26xx_Timer_Module__state__V.load) [load image, compression = rle]
                  00007285    00000003     --HOLE-- [fill = 0]
                  00007288    0000000c     (__TI_handler_table)
                  00007294    00000004     --HOLE-- [fill = 0]
                  00007298    0000000a     (.cinit..data:xdc_runtime_Memory_Module__state__V.load) [load image, compression = rle]
                  000072a2    00000006     --HOLE-- [fill = 0]
                  000072a8    00000009     (.cinit..data:ti_sysbios_family_arm_cc26xx_TimestampProvider_Module__state__V.load) [load image, compression = rle]
                  000072b1    00000007     --HOLE-- [fill = 0]
                  000072b8    00000009     (.cinit..data:xdc_runtime_Startup_Module__state__V.load) [load image, compression = rle]
                  000072c1    00000007     --HOLE-- [fill = 0]
                  000072c8    00000009     (.cinit..data:xdc_runtime_System_Module__state__V.load) [load image, compression = rle]
                  000072d1    00000007     --HOLE-- [fill = 0]
                  000072d8    00000008     (.cinit..bss.load) [load image, compression = zero_init]
                  000072e0    00000008     (.cinit..vecs.load) [load image, compression = zero_init]
                  000072e8    00000068     (__TI_cinit_table)

.init_array 
*          0    00000000    00000000     UNINITIALIZED

.resetVecs 
*          0    00000000    0000003c     
                  00000000    0000003c     rfWsnNode_pem3.oem3 (.resetVecs)

.const:ti_sysbios_knl_Task_Object__PARAMS__C 
*          0    00001000    0000003c     
                  00001000    0000003c     rfWsnNode_pem3.oem3 (.const:ti_sysbios_knl_Task_Object__PARAMS__C)

.const:ti_sysbios_knl_Mailbox_Object__PARAMS__C 
*          0    0000103c    00000034     
                  0000103c    00000034     rfWsnNode_pem3.oem3 (.const:ti_sysbios_knl_Mailbox_Object__PARAMS__C)

.const:ti_sysbios_family_arm_m3_Hwi_Object__PARAMS__C 
*          0    00001070    00000030     
                  00001070    00000030     rfWsnNode_pem3.oem3 (.const:ti_sysbios_family_arm_m3_Hwi_Object__PARAMS__C)

.const:ti_sysbios_hal_Hwi_Object__PARAMS__C 
*          0    000010a0    0000002c     
                  000010a0    0000002c     rfWsnNode_pem3.oem3 (.const:ti_sysbios_hal_Hwi_Object__PARAMS__C)

.const:ti_sysbios_heaps_HeapMem_Module__FXNS__C 
*          0    000010cc    00000028     
                  000010cc    00000028     rfWsnNode_pem3.oem3 (.const:ti_sysbios_heaps_HeapMem_Module__FXNS__C)

.const:ti_sysbios_knl_Swi_Object__PARAMS__C 
*          0    000010f4    00000028     
                  000010f4    00000028     rfWsnNode_pem3.oem3 (.const:ti_sysbios_knl_Swi_Object__PARAMS__C)

.const:ti_sysbios_gates_GateHwi_Module__FXNS__C 
*          0    0000111c    00000024     
                  0000111c    00000024     rfWsnNode_pem3.oem3 (.const:ti_sysbios_gates_GateHwi_Module__FXNS__C)

.const:ti_sysbios_gates_GateMutex_Module__FXNS__C 
*          0    00001140    00000024     
                  00001140    00000024     rfWsnNode_pem3.oem3 (.const:ti_sysbios_gates_GateMutex_Module__FXNS__C)

.const:ti_sysbios_heaps_HeapMem_Object__PARAMS__C 
*          0    00001164    00000024     
                  00001164    00000024     rfWsnNode_pem3.oem3 (.const:ti_sysbios_heaps_HeapMem_Object__PARAMS__C)

.const:ti_sysbios_knl_Clock_Object__PARAMS__C 
*          0    00001188    00000024     
                  00001188    00000024     rfWsnNode_pem3.oem3 (.const:ti_sysbios_knl_Clock_Object__PARAMS__C)

.const:ti_sysbios_knl_Semaphore_Object__PARAMS__C 
*          0    000011ac    00000024     
                  000011ac    00000024     rfWsnNode_pem3.oem3 (.const:ti_sysbios_knl_Semaphore_Object__PARAMS__C)

.const:ti_sysbios_family_arm_m3_Hwi_Object__DESC__C 
*          0    000011d0    00000020     
                  000011d0    00000020     rfWsnNode_pem3.oem3 (.const:ti_sysbios_family_arm_m3_Hwi_Object__DESC__C)

.const:ti_sysbios_gates_GateHwi_Object__DESC__C 
*          0    000011f0    00000020     
                  000011f0    00000020     rfWsnNode_pem3.oem3 (.const:ti_sysbios_gates_GateHwi_Object__DESC__C)

.const:ti_sysbios_gates_GateMutex_Object__DESC__C 
*          0    00001210    00000020     
                  00001210    00000020     rfWsnNode_pem3.oem3 (.const:ti_sysbios_gates_GateMutex_Object__DESC__C)

.const:ti_sysbios_hal_Hwi_Object__DESC__C 
*          0    00001230    00000020     
                  00001230    00000020     rfWsnNode_pem3.oem3 (.const:ti_sysbios_hal_Hwi_Object__DESC__C)

.const:ti_sysbios_heaps_HeapMem_Object__DESC__C 
*          0    00001250    00000020     
                  00001250    00000020     rfWsnNode_pem3.oem3 (.const:ti_sysbios_heaps_HeapMem_Object__DESC__C)

.const:ti_sysbios_knl_Clock_Object__DESC__C 
*          0    00001270    00000020     
                  00001270    00000020     rfWsnNode_pem3.oem3 (.const:ti_sysbios_knl_Clock_Object__DESC__C)

.const:ti_sysbios_knl_Mailbox_Object__DESC__C 
*          0    00001290    00000020     
                  00001290    00000020     rfWsnNode_pem3.oem3 (.const:ti_sysbios_knl_Mailbox_Object__DESC__C)

.const:ti_sysbios_knl_Queue_Object__DESC__C 
*          0    000012b0    00000020     
                  000012b0    00000020     rfWsnNode_pem3.oem3 (.const:ti_sysbios_knl_Queue_Object__DESC__C)

.const:ti_sysbios_knl_Semaphore_Object__DESC__C 
*          0    000012d0    00000020     
                  000012d0    00000020     rfWsnNode_pem3.oem3 (.const:ti_sysbios_knl_Semaphore_Object__DESC__C)

.const:ti_sysbios_knl_Swi_Object__DESC__C 
*          0    000012f0    00000020     
                  000012f0    00000020     rfWsnNode_pem3.oem3 (.const:ti_sysbios_knl_Swi_Object__DESC__C)

.const:ti_sysbios_knl_Task_Object__DESC__C 
*          0    00001310    00000020     
                  00001310    00000020     rfWsnNode_pem3.oem3 (.const:ti_sysbios_knl_Task_Object__DESC__C)

.const:ti_sysbios_gates_GateHwi_Object__PARAMS__C 
*          0    00001330    00000018     
                  00001330    00000018     rfWsnNode_pem3.oem3 (.const:ti_sysbios_gates_GateHwi_Object__PARAMS__C)

.const:ti_sysbios_gates_GateMutex_Object__PARAMS__C 
*          0    00001348    00000018     
                  00001348    00000018     rfWsnNode_pem3.oem3 (.const:ti_sysbios_gates_GateMutex_Object__PARAMS__C)

.const:ti_sysbios_knl_Queue_Object__PARAMS__C 
*          0    00001360    00000018     
                  00001360    00000018     rfWsnNode_pem3.oem3 (.const:ti_sysbios_knl_Queue_Object__PARAMS__C)

.const:ti_sysbios_knl_Idle_funcList__C 
*          0    00001378    00000008     
                  00001378    00000008     rfWsnNode_pem3.oem3 (.const:ti_sysbios_knl_Idle_funcList__C)

.const:ti_sysbios_family_arm_cc26xx_Timer_startupNeeded__C 
*          0    00001384    00000004     
                  00001384    00000004     rfWsnNode_pem3.oem3 (.const:ti_sysbios_family_arm_cc26xx_Timer_startupNeeded__C)

.const:ti_sysbios_family_arm_m3_Hwi_E_alreadyDefined__C 
*          0    00001388    00000004     
                  00001388    00000004     rfWsnNode_pem3.oem3 (.const:ti_sysbios_family_arm_m3_Hwi_E_alreadyDefined__C)

.const:ti_sysbios_family_arm_m3_Hwi_E_hwiLimitExceeded__C 
*          0    0000138c    00000004     
                  0000138c    00000004     rfWsnNode_pem3.oem3 (.const:ti_sysbios_family_arm_m3_Hwi_E_hwiLimitExceeded__C)

.const:ti_sysbios_family_arm_m3_Hwi_NUM_INTERRUPTS__C 
*          0    00001390    00000004     
                  00001390    00000004     rfWsnNode_pem3.oem3 (.const:ti_sysbios_family_arm_m3_Hwi_NUM_INTERRUPTS__C)

.const:ti_sysbios_family_arm_m3_Hwi_Object__count__C 
*          0    00001394    00000004     
                  00001394    00000004     rfWsnNode_pem3.oem3 (.const:ti_sysbios_family_arm_m3_Hwi_Object__count__C)

.const:ti_sysbios_family_arm_m3_Hwi_Object__table__C 
*          0    00001398    00000004     
                  00001398    00000004     rfWsnNode_pem3.oem3 (.const:ti_sysbios_family_arm_m3_Hwi_Object__table__C)

.const:ti_sysbios_family_arm_m3_Hwi_ccr__C 
*          0    0000139c    00000004     
                  0000139c    00000004     rfWsnNode_pem3.oem3 (.const:ti_sysbios_family_arm_m3_Hwi_ccr__C)

.const:ti_sysbios_family_arm_m3_Hwi_excHandlerFunc__C 
*          0    000013a0    00000004     
                  000013a0    00000004     rfWsnNode_pem3.oem3 (.const:ti_sysbios_family_arm_m3_Hwi_excHandlerFunc__C)

.const:ti_sysbios_family_arm_m3_Hwi_nullIsrFunc__C 
*          0    000013a4    00000004     
                  000013a4    00000004     rfWsnNode_pem3.oem3 (.const:ti_sysbios_family_arm_m3_Hwi_nullIsrFunc__C)

.const:ti_sysbios_family_arm_m3_Hwi_numSparseInterrupts__C 
*          0    000013a8    00000004     
                  000013a8    00000004     rfWsnNode_pem3.oem3 (.const:ti_sysbios_family_arm_m3_Hwi_numSparseInterrupts__C)

.const:ti_sysbios_family_arm_m3_Hwi_priGroup__C 
*          0    000013ac    00000004     
                  000013ac    00000004     rfWsnNode_pem3.oem3 (.const:ti_sysbios_family_arm_m3_Hwi_priGroup__C)

.const:ti_sysbios_family_arm_m3_TaskSupport_stackAlignment__C 
*          0    000013b0    00000004     
                  000013b0    00000004     rfWsnNode_pem3.oem3 (.const:ti_sysbios_family_arm_m3_TaskSupport_stackAlignment__C)

.const:ti_sysbios_heaps_HeapMem_E_memory__C 
*          0    000013b4    00000004     
                  000013b4    00000004     rfWsnNode_pem3.oem3 (.const:ti_sysbios_heaps_HeapMem_E_memory__C)

.const:ti_sysbios_heaps_HeapMem_Module__gateObj__C 
*          0    000013b8    00000004     
                  000013b8    00000004     rfWsnNode_pem3.oem3 (.const:ti_sysbios_heaps_HeapMem_Module__gateObj__C)

.const:ti_sysbios_heaps_HeapMem_Object__count__C 
*          0    000013bc    00000004     
                  000013bc    00000004     rfWsnNode_pem3.oem3 (.const:ti_sysbios_heaps_HeapMem_Object__count__C)

.const:ti_sysbios_heaps_HeapMem_Object__table__C 
*          0    000013c0    00000004     
                  000013c0    00000004     rfWsnNode_pem3.oem3 (.const:ti_sysbios_heaps_HeapMem_Object__table__C)

.const:ti_sysbios_heaps_HeapMem_reqAlign__C 
*          0    000013c4    00000004     
                  000013c4    00000004     rfWsnNode_pem3.oem3 (.const:ti_sysbios_heaps_HeapMem_reqAlign__C)

.const:ti_sysbios_knl_Clock_serviceMargin__C 
*          0    000013c8    00000004     
                  000013c8    00000004     rfWsnNode_pem3.oem3 (.const:ti_sysbios_knl_Clock_serviceMargin__C)

.const:ti_sysbios_knl_Mailbox_Object__count__C 
*          0    000013cc    00000004     
                  000013cc    00000004     rfWsnNode_pem3.oem3 (.const:ti_sysbios_knl_Mailbox_Object__count__C)

.const:ti_sysbios_knl_Mailbox_Object__table__C 
*          0    000013d0    00000004     
                  000013d0    00000004     rfWsnNode_pem3.oem3 (.const:ti_sysbios_knl_Mailbox_Object__table__C)

.const:ti_sysbios_knl_Mailbox_maxTypeAlign__C 
*          0    000013d4    00000004     
                  000013d4    00000004     rfWsnNode_pem3.oem3 (.const:ti_sysbios_knl_Mailbox_maxTypeAlign__C)

.const:ti_sysbios_knl_Queue_Object__count__C 
*          0    000013d8    00000004     
                  000013d8    00000004     rfWsnNode_pem3.oem3 (.const:ti_sysbios_knl_Queue_Object__count__C)

.const:ti_sysbios_knl_Queue_Object__table__C 
*          0    000013dc    00000004     
                  000013dc    00000004     rfWsnNode_pem3.oem3 (.const:ti_sysbios_knl_Queue_Object__table__C)

.const:ti_sysbios_knl_Swi_Object__count__C 
*          0    000013e0    00000004     
                  000013e0    00000004     rfWsnNode_pem3.oem3 (.const:ti_sysbios_knl_Swi_Object__count__C)

.const:ti_sysbios_knl_Swi_Object__table__C 
*          0    000013e4    00000004     
                  000013e4    00000004     rfWsnNode_pem3.oem3 (.const:ti_sysbios_knl_Swi_Object__table__C)

.const:ti_sysbios_knl_Swi_numPriorities__C 
*          0    000013e8    00000004     
                  000013e8    00000004     rfWsnNode_pem3.oem3 (.const:ti_sysbios_knl_Swi_numPriorities__C)

.const:ti_sysbios_knl_Task_Object__count__C 
*          0    000013ec    00000004     
                  000013ec    00000004     rfWsnNode_pem3.oem3 (.const:ti_sysbios_knl_Task_Object__count__C)

.const:ti_sysbios_knl_Task_Object__table__C 
*          0    000013f0    00000004     
                  000013f0    00000004     rfWsnNode_pem3.oem3 (.const:ti_sysbios_knl_Task_Object__table__C)

.const:ti_sysbios_knl_Task_allBlockedFunc__C 
*          0    000013f4    00000004     
                  000013f4    00000004     rfWsnNode_pem3.oem3 (.const:ti_sysbios_knl_Task_allBlockedFunc__C)

.const:ti_sysbios_knl_Task_defaultStackHeap__C 
*          0    000013f8    00000004     
                  000013f8    00000004     rfWsnNode_pem3.oem3 (.const:ti_sysbios_knl_Task_defaultStackHeap__C)

.const:ti_sysbios_knl_Task_defaultStackSize__C 
*          0    000013fc    00000004     
                  000013fc    00000004     rfWsnNode_pem3.oem3 (.const:ti_sysbios_knl_Task_defaultStackSize__C)

.const:ti_sysbios_knl_Task_numConstructedTasks__C 
*          0    00001400    00000004     
                  00001400    00000004     rfWsnNode_pem3.oem3 (.const:ti_sysbios_knl_Task_numConstructedTasks__C)

.const:ti_sysbios_family_arm_cc26xx_Timer_Module__id__C 
*          0    00001406    00000002     
                  00001406    00000002     rfWsnNode_pem3.oem3 (.const:ti_sysbios_family_arm_cc26xx_Timer_Module__id__C)

.const:ti_sysbios_family_arm_cc26xx_TimestampProvider_useClockTimer__C 
*          0    00001408    00000002     
                  00001408    00000002     rfWsnNode_pem3.oem3 (.const:ti_sysbios_family_arm_cc26xx_TimestampProvider_useClockTimer__C)

.const:ti_sysbios_family_arm_m3_Hwi_Module__id__C 
*          0    0000140a    00000002     
                  0000140a    00000002     rfWsnNode_pem3.oem3 (.const:ti_sysbios_family_arm_m3_Hwi_Module__id__C)

.const:ti_sysbios_gates_GateHwi_Module__id__C 
*          0    0000140c    00000002     
                  0000140c    00000002     rfWsnNode_pem3.oem3 (.const:ti_sysbios_gates_GateHwi_Module__id__C)

.const:ti_sysbios_gates_GateMutex_Module__id__C 
*          0    0000140e    00000002     
                  0000140e    00000002     rfWsnNode_pem3.oem3 (.const:ti_sysbios_gates_GateMutex_Module__id__C)

.const:ti_sysbios_heaps_HeapMem_Module__id__C 
*          0    00001410    00000002     
                  00001410    00000002     rfWsnNode_pem3.oem3 (.const:ti_sysbios_heaps_HeapMem_Module__id__C)

.const:ti_sysbios_knl_Task_initStackFlag__C 
*          0    00001412    00000002     
                  00001412    00000002     rfWsnNode_pem3.oem3 (.const:ti_sysbios_knl_Task_initStackFlag__C)

.const:ti_sysbios_knl_Clock_tickMode__C 
*          0    00001414    00000001     
                  00001414    00000001     rfWsnNode_pem3.oem3 (.const:ti_sysbios_knl_Clock_tickMode__C)

.const:xdc_runtime_Startup_firstFxns__C 
*          0    00001418    00000008     
                  00001418    00000008     rfWsnNode_pem3.oem3 (.const:xdc_runtime_Startup_firstFxns__C)

.const:xdc_runtime_Startup_lastFxns__C 
*          0    00001420    00000008     
                  00001420    00000008     rfWsnNode_pem3.oem3 (.const:xdc_runtime_Startup_lastFxns__C)

.const:xdc_runtime_Assert_E_assertFailed__C 
*          0    00001428    00000004     
                  00001428    00000004     rfWsnNode_pem3.oem3 (.const:xdc_runtime_Assert_E_assertFailed__C)

.const:xdc_runtime_Error_E_memory__C 
*          0    0000142c    00000004     
                  0000142c    00000004     rfWsnNode_pem3.oem3 (.const:xdc_runtime_Error_E_memory__C)

.const:xdc_runtime_Error_policyFxn__C 
*          0    00001430    00000004     
                  00001430    00000004     rfWsnNode_pem3.oem3 (.const:xdc_runtime_Error_policyFxn__C)

.const:xdc_runtime_IGateProvider_Interface__BASE__C 
*          0    00001434    00000004     
                  00001434    00000004     rfWsnNode_pem3.oem3 (.const:xdc_runtime_IGateProvider_Interface__BASE__C)

.const:xdc_runtime_IHeap_Interface__BASE__C 
*          0    00001438    00000004     
                  00001438    00000004     rfWsnNode_pem3.oem3 (.const:xdc_runtime_IHeap_Interface__BASE__C)

.const:xdc_runtime_IModule_Interface__BASE__C 
*          0    0000143c    00000004     
                  0000143c    00000004     rfWsnNode_pem3.oem3 (.const:xdc_runtime_IModule_Interface__BASE__C)

.const:xdc_runtime_Main_Module__diagsEnabled__C 
*          0    00001440    00000004     
                  00001440    00000004     rfWsnNode_pem3.oem3 (.const:xdc_runtime_Main_Module__diagsEnabled__C)

.const:xdc_runtime_Main_Module__diagsIncluded__C 
*          0    00001444    00000004     
                  00001444    00000004     rfWsnNode_pem3.oem3 (.const:xdc_runtime_Main_Module__diagsIncluded__C)

.const:xdc_runtime_Main_Module__diagsMask__C 
*          0    00001448    00000004     
                  00001448    00000004     rfWsnNode_pem3.oem3 (.const:xdc_runtime_Main_Module__diagsMask__C)

.const:xdc_runtime_Memory_defaultHeapInstance__C 
*          0    0000144c    00000004     
                  0000144c    00000004     rfWsnNode_pem3.oem3 (.const:xdc_runtime_Memory_defaultHeapInstance__C)

.const:xdc_runtime_Startup_execImpl__C 
*          0    00001450    00000004     
                  00001450    00000004     rfWsnNode_pem3.oem3 (.const:xdc_runtime_Startup_execImpl__C)

.const:xdc_runtime_Startup_maxPasses__C 
*          0    00001454    00000004     
                  00001454    00000004     rfWsnNode_pem3.oem3 (.const:xdc_runtime_Startup_maxPasses__C)

.const:xdc_runtime_Startup_sfxnRts__C 
*          0    00001458    00000004     
                  00001458    00000004     rfWsnNode_pem3.oem3 (.const:xdc_runtime_Startup_sfxnRts__C)

.const:xdc_runtime_Startup_sfxnTab__C 
*          0    0000145c    00000004     
                  0000145c    00000004     rfWsnNode_pem3.oem3 (.const:xdc_runtime_Startup_sfxnTab__C)

.const:xdc_runtime_Startup_startModsFxn__C 
*          0    00001460    00000004     
                  00001460    00000004     rfWsnNode_pem3.oem3 (.const:xdc_runtime_Startup_startModsFxn__C)

.const:xdc_runtime_SysCallback_abortFxn__C 
*          0    00001464    00000004     
                  00001464    00000004     rfWsnNode_pem3.oem3 (.const:xdc_runtime_SysCallback_abortFxn__C)

.const:xdc_runtime_SysCallback_exitFxn__C 
*          0    00001468    00000004     
                  00001468    00000004     rfWsnNode_pem3.oem3 (.const:xdc_runtime_SysCallback_exitFxn__C)

.const:xdc_runtime_System_abortFxn__C 
*          0    0000146c    00000004     
                  0000146c    00000004     rfWsnNode_pem3.oem3 (.const:xdc_runtime_System_abortFxn__C)

.const:xdc_runtime_System_exitFxn__C 
*          0    00001470    00000004     
                  00001470    00000004     rfWsnNode_pem3.oem3 (.const:xdc_runtime_System_exitFxn__C)

.const:xdc_runtime_System_maxAtexitHandlers__C 
*          0    00001474    00000004     
                  00001474    00000004     rfWsnNode_pem3.oem3 (.const:xdc_runtime_System_maxAtexitHandlers__C)

.const:xdc_runtime_Text_charTab__C 
*          0    00001478    00000004     
                  00001478    00000004     rfWsnNode_pem3.oem3 (.const:xdc_runtime_Text_charTab__C)

.const:xdc_runtime_Text_nameEmpty__C 
*          0    0000147c    00000004     
                  0000147c    00000004     rfWsnNode_pem3.oem3 (.const:xdc_runtime_Text_nameEmpty__C)

.const:xdc_runtime_Text_nameStatic__C 
*          0    00001480    00000004     
                  00001480    00000004     rfWsnNode_pem3.oem3 (.const:xdc_runtime_Text_nameStatic__C)

.const:xdc_runtime_Text_nameUnknown__C 
*          0    00001484    00000004     
                  00001484    00000004     rfWsnNode_pem3.oem3 (.const:xdc_runtime_Text_nameUnknown__C)

.const:xdc_runtime_Main_Module__id__C 
*          0    00001488    00000002     
                  00001488    00000002     rfWsnNode_pem3.oem3 (.const:xdc_runtime_Main_Module__id__C)

.const:xdc_runtime_Memory_Module__id__C 
*          0    0000148a    00000002     
                  0000148a    00000002     rfWsnNode_pem3.oem3 (.const:xdc_runtime_Memory_Module__id__C)

.const:xdc_runtime_Text_charCnt__C 
*          0    0000148c    00000002     
                  0000148c    00000002     rfWsnNode_pem3.oem3 (.const:xdc_runtime_Text_charCnt__C)

.const:xdc_runtime_Text_isLoaded__C 
*          0    0000148e    00000002     
                  0000148e    00000002     rfWsnNode_pem3.oem3 (.const:xdc_runtime_Text_isLoaded__C)

.const:xdc_runtime_Error_policy__C 
*          0    00001490    00000001     
                  00001490    00000001     rfWsnNode_pem3.oem3 (.const:xdc_runtime_Error_policy__C)

.const:ti_sysbios_rom_ROM_AONRTCChannelEnable 
*          0    00001494    00000004     
                  00001494    00000004     rfWsnNode_pem3.oem3 (.const:ti_sysbios_rom_ROM_AONRTCChannelEnable)

.const:ti_sysbios_rom_ROM_AONRTCCompareValueSet 
*          0    00001498    00000004     
                  00001498    00000004     rfWsnNode_pem3.oem3 (.const:ti_sysbios_rom_ROM_AONRTCCompareValueSet)

.const:ti_sysbios_rom_ROM_AONRTCCurrentCompareValueGet 
*          0    0000149c    00000004     
                  0000149c    00000004     rfWsnNode_pem3.oem3 (.const:ti_sysbios_rom_ROM_AONRTCCurrentCompareValueGet)

.const:ti_sysbios_rom_ROM_AONRTCEventClear 
*          0    000014a0    00000004     
                  000014a0    00000004     rfWsnNode_pem3.oem3 (.const:ti_sysbios_rom_ROM_AONRTCEventClear)

.const:ti_sysbios_rom_ROM_ti_sysbios_family_arm_cc26xx_Timer_getCount64__E 
*          0    000014a4    00000004     
                  000014a4    00000004     rfWsnNode_pem3.oem3 (.const:ti_sysbios_rom_ROM_ti_sysbios_family_arm_cc26xx_Timer_getCount64__E)

.const:ti_sysbios_rom_ROM_ti_sysbios_family_arm_cc26xx_Timer_getCurrentTick__E 
*          0    000014a8    00000004     
                  000014a8    00000004     rfWsnNode_pem3.oem3 (.const:ti_sysbios_rom_ROM_ti_sysbios_family_arm_cc26xx_Timer_getCurrentTick__E)

.const:ti_sysbios_rom_ROM_ti_sysbios_family_arm_cc26xx_Timer_getMaxTicks__E 
*          0    000014ac    00000004     
                  000014ac    00000004     rfWsnNode_pem3.oem3 (.const:ti_sysbios_rom_ROM_ti_sysbios_family_arm_cc26xx_Timer_getMaxTicks__E)

.const:ti_sysbios_rom_ROM_ti_sysbios_family_arm_cc26xx_Timer_initDevice__I 
*          0    000014b0    00000004     
                  000014b0    00000004     rfWsnNode_pem3.oem3 (.const:ti_sysbios_rom_ROM_ti_sysbios_family_arm_cc26xx_Timer_initDevice__I)

.const:ti_sysbios_rom_ROM_ti_sysbios_family_arm_cc26xx_Timer_setNextTick__E 
*          0    000014b4    00000004     
                  000014b4    00000004     rfWsnNode_pem3.oem3 (.const:ti_sysbios_rom_ROM_ti_sysbios_family_arm_cc26xx_Timer_setNextTick__E)

.const:ti_sysbios_rom_ROM_ti_sysbios_family_arm_cc26xx_Timer_setThreshold__I 
*          0    000014b8    00000004     
                  000014b8    00000004     rfWsnNode_pem3.oem3 (.const:ti_sysbios_rom_ROM_ti_sysbios_family_arm_cc26xx_Timer_setThreshold__I)

.const:ti_sysbios_rom_ROM_ti_sysbios_family_arm_cc26xx_Timer_start__E 
*          0    000014bc    00000004     
                  000014bc    00000004     rfWsnNode_pem3.oem3 (.const:ti_sysbios_rom_ROM_ti_sysbios_family_arm_cc26xx_Timer_start__E)

.const:ti_sysbios_rom_ROM_ti_sysbios_family_arm_cc26xx_TimestampProvider_get32__E 
*          0    000014c0    00000004     
                  000014c0    00000004     rfWsnNode_pem3.oem3 (.const:ti_sysbios_rom_ROM_ti_sysbios_family_arm_cc26xx_TimestampProvider_get32__E)

.const:ti_sysbios_rom_ROM_xdc_runtime_Startup_getState__I 
*          0    000014c4    00000004     
                  000014c4    00000004     rfWsnNode_pem3.oem3 (.const:ti_sysbios_rom_ROM_xdc_runtime_Startup_getState__I)

.const:ti_sysbios_rom_ROM_xdc_runtime_System_SupportProxy_abort__E 
*          0    000014c8    00000004     
                  000014c8    00000004     rfWsnNode_pem3.oem3 (.const:ti_sysbios_rom_ROM_xdc_runtime_System_SupportProxy_abort__E)

.const:ti_sysbios_rom_ROM_xdc_runtime_System_SupportProxy_exit__E 
*          0    000014cc    00000004     
                  000014cc    00000004     rfWsnNode_pem3.oem3 (.const:ti_sysbios_rom_ROM_xdc_runtime_System_SupportProxy_exit__E)

.const:ti_sysbios_gates_GateMutex_Instance_State_sem__O 
*          0    000014d0    00000004     
                  000014d0    00000004     rfWsnNode_pem3.oem3 (.const:ti_sysbios_gates_GateMutex_Instance_State_sem__O)

.const:ti_sysbios_knl_Clock_Module_State_clockQ__O 
*          0    000014d4    00000004     
                  000014d4    00000004     rfWsnNode_pem3.oem3 (.const:ti_sysbios_knl_Clock_Module_State_clockQ__O)

.const:ti_sysbios_knl_Mailbox_Instance_State_dataQue__O 
*          0    000014d8    00000004     
                  000014d8    00000004     rfWsnNode_pem3.oem3 (.const:ti_sysbios_knl_Mailbox_Instance_State_dataQue__O)

.const:ti_sysbios_knl_Mailbox_Instance_State_dataSem__O 
*          0    000014dc    00000004     
                  000014dc    00000004     rfWsnNode_pem3.oem3 (.const:ti_sysbios_knl_Mailbox_Instance_State_dataSem__O)

.const:ti_sysbios_knl_Mailbox_Instance_State_freeQue__O 
*          0    000014e0    00000004     
                  000014e0    00000004     rfWsnNode_pem3.oem3 (.const:ti_sysbios_knl_Mailbox_Instance_State_freeQue__O)

.const:ti_sysbios_knl_Mailbox_Instance_State_freeSem__O 
*          0    000014e4    00000004     
                  000014e4    00000004     rfWsnNode_pem3.oem3 (.const:ti_sysbios_knl_Mailbox_Instance_State_freeSem__O)

.const:ti_sysbios_knl_Semaphore_Instance_State_pendQ__O 
*          0    000014e8    00000004     
                  000014e8    00000004     rfWsnNode_pem3.oem3 (.const:ti_sysbios_knl_Semaphore_Instance_State_pendQ__O)

.const:ti_sysbios_knl_Task_Module_State_inactiveQ__O 
*          0    000014ec    00000004     
                  000014ec    00000004     rfWsnNode_pem3.oem3 (.const:ti_sysbios_knl_Task_Module_State_inactiveQ__O)

.ccfg      0    0001ffa8    00000058     
                  0001ffa8    00000058     ccfg.obj (.ccfg:retain)

.vecs      0    20000000    000000dc     UNINITIALIZED
                  20000000    000000dc     rfWsnNode_pem3.oem3 (.vecs)

.data:ti_sysbios_knl_Task_Module__state__V 
*          0    20000100    00000044     UNINITIALIZED
                  20000100    00000044     rfWsnNode_pem3.oem3 (.data:ti_sysbios_knl_Task_Module__state__V)

.data:ti_sysbios_family_arm_m3_Hwi_Module__state__V 
*          0    20000144    00000034     UNINITIALIZED
                  20000144    00000034     rfWsnNode_pem3.oem3 (.data:ti_sysbios_family_arm_m3_Hwi_Module__state__V)

.data:ti_sysbios_knl_Clock_Module__state__V 
*          0    20000178    0000002c     UNINITIALIZED
                  20000178    0000002c     rfWsnNode_pem3.oem3 (.data:ti_sysbios_knl_Clock_Module__state__V)

.data:ti_sysbios_BIOS_Module__state__V 
*          0    200001a4    00000024     UNINITIALIZED
                  200001a4    00000024     rfWsnNode_pem3.oem3 (.data:ti_sysbios_BIOS_Module__state__V)

.data:ti_sysbios_knl_Swi_Module__state__V 
*          0    200001c8    0000001c     UNINITIALIZED
                  200001c8    0000001c     rfWsnNode_pem3.oem3 (.data:ti_sysbios_knl_Swi_Module__state__V)

.data:ti_sysbios_family_arm_cc26xx_Timer_Module__state__V 
*          0    200001e4    00000008     UNINITIALIZED
                  200001e4    00000008     rfWsnNode_pem3.oem3 (.data:ti_sysbios_family_arm_cc26xx_Timer_Module__state__V)

.data:ti_sysbios_family_arm_cc26xx_TimestampProvider_Module__state__V 
*          0    200001ec    00000004     UNINITIALIZED
                  200001ec    00000004     rfWsnNode_pem3.oem3 (.data:ti_sysbios_family_arm_cc26xx_TimestampProvider_Module__state__V)

.data:xdc_runtime_Startup_Module__state__V 
*          0    200001f0    00000008     UNINITIALIZED
                  200001f0    00000008     rfWsnNode_pem3.oem3 (.data:xdc_runtime_Startup_Module__state__V)

.data:xdc_runtime_System_Module__state__V 
*          0    200001f8    00000008     UNINITIALIZED
                  200001f8    00000008     rfWsnNode_pem3.oem3 (.data:xdc_runtime_System_Module__state__V)

.data:xdc_runtime_Memory_Module__state__V 
*          0    20000200    00000004     UNINITIALIZED
                  20000200    00000004     rfWsnNode_pem3.oem3 (.data:xdc_runtime_Memory_Module__state__V)

.bss       0    20000208    00001821     UNINITIALIZED
                  20000208    00000400     NodeRadioTask.obj (.bss:nodeRadioTaskStack)
                  20000608    00000400     NodeTask.obj (.bss:nodeTaskStack)
                  20000a08    00000400     rfWsnNode_pem3.oem3 (.bss:ti_sysbios_heaps_HeapMem_Instance_State_0_buf__A)
                  20000e08    00000200     rfWsnNode_pem3.oem3 (.bss:taskStackSection)
                  20001008    00000140     drivers_cc13xxware.aem3 : RF.oem3 (.bss:aCmdPool)
                  20001148    000000dc     rfWsnNode_pem3.oem3 (.bss:ti_sysbios_family_arm_m3_Hwi_dispatchTable)
                  20001224    0000009c     NodeRadioTask.obj (.bss:currentRadioOperation)
                  200012c0    00000098     EasyLink.obj (.bss:rxBuffer)
                  20001358    00000098     EasyLink.obj (.bss:rxPacket$1)
                  200013f0    00000090     EasyLink.obj (.bss:rfObject)
                  20001480    0000008c     EasyLink.obj (.bss:txBuffer)
                  2000150c    0000007c     drivers_cc13xxware.aem3 : PINCC26XX.oem3 (.bss:PIN_HandleTable)
[...]
1001c215  ti_sysbios_family_arm_m3_Hwi_restoreFxn__E                                
1001c21b  ti_sysbios_gates_GateHwi_leave__E                                         
1001c227  ti_sysbios_knl_Queue_Instance_init__E                                     
1001c22d  ti_sysbios_knl_Queue_elemClear__E                                         
1001c233  ti_sysbios_knl_Swi_Module_startup__E                                      
1001c239  ti_sysbios_knl_Swi_startup__E                                             
1001c23f  ti_sysbios_knl_Task_enable__E                                             
1001c245  ti_sysbios_BIOS_RtsGateProxy_enter__E                                     
1001c249  ti_sysbios_BIOS_RtsGateProxy_leave__E                                     
1001c24d  ti_sysbios_family_arm_cc26xx_Timer_getExpiredTicks__E                     
1001c251  ti_sysbios_family_arm_cc26xx_Timer_getPeriod__E                           
1001c255  ti_sysbios_family_arm_cc26xx_Timer_setPeriod__E                           
1001c259  ti_sysbios_family_arm_m3_Hwi_delete                                       
1001c25d  ti_sysbios_family_arm_m3_Hwi_destruct                                     
1001c261  ti_sysbios_family_arm_m3_TaskSupport_Module__startupDone__S               
1001c265  ti_sysbios_gates_GateHwi_query__E                                         
1001c265  xdc_runtime_System_Module_GateProxy_query__E                              
1001c269  ti_sysbios_gates_GateMutex_delete                                         
1001c26d  ti_sysbios_gates_GateMutex_destruct                                       
1001c271  ti_sysbios_BIOS_RtsGateProxy_query__E                                     
1001c271  ti_sysbios_gates_GateMutex_query__E                                       
1001c271  ti_sysbios_heaps_HeapMem_Module_GateProxy_query__E                        
1001c275  ti_sysbios_hal_Hwi_HwiProxy_Module__startupDone__S                        
1001c279  ti_sysbios_hal_Hwi_HwiProxy_delete                                        
1001c27d  ti_sysbios_hal_Hwi_HwiProxy_disableInterrupt__E                           
1001c27d  ti_sysbios_hal_Hwi_disableInterrupt__E                                    
1001c281  ti_sysbios_hal_Hwi_HwiProxy_enableInterrupt__E                            
1001c281  ti_sysbios_hal_Hwi_enableInterrupt__E                                     
1001c285  ti_sysbios_hal_Hwi_HwiProxy_getStackInfo__E                               
1001c285  ti_sysbios_hal_Hwi_getStackInfo__E                                        
1001c289  ti_sysbios_hal_Hwi_HwiProxy_startup__E                                    
1001c289  ti_sysbios_hal_Hwi_startup__E                                             
1001c28d  ti_sysbios_hal_Hwi_HwiProxy_switchFromBootStack__E                        
1001c291  ti_sysbios_hal_Hwi_delete                                                 
1001c295  ti_sysbios_hal_Hwi_switchFromBootStack__E                                 
1001c299  ti_sysbios_heaps_HeapMem_Module_GateProxy_enter__E                        
1001c29d  ti_sysbios_heaps_HeapMem_Module_GateProxy_leave__E                        
1001c2a1  ti_sysbios_heaps_HeapMem_isBlocking__E                                    
1001c2a5  ti_sysbios_knl_Clock_TimerProxy_Module__startupDone__S                    
1001c2a9  ti_sysbios_knl_Clock_TimerProxy_getExpiredTicks__E                        
1001c2ad  ti_sysbios_knl_Clock_TimerProxy_getPeriod__E                              
1001c2b1  ti_sysbios_knl_Clock_delete                                               
1001c2b5  ti_sysbios_knl_Clock_destruct                                             
1001c2b9  ti_sysbios_knl_Clock_removeI__E                                           
1001c2bd  ti_sysbios_knl_Clock_setTimeout__E                                        
1001c2c1  ti_sysbios_knl_Mailbox_delete                                             
1001c2c5  ti_sysbios_knl_Mailbox_destruct                                           
1001c2c9  ti_sysbios_knl_Queue_delete                                               
1001c2cd  ti_sysbios_knl_Queue_destruct                                             
1001c2d1  ti_sysbios_knl_Queue_head__E                                              
1001c2d5  ti_sysbios_knl_Queue_next__E                                              
1001c2d9  ti_sysbios_knl_Semaphore_delete                                           
1001c2dd  ti_sysbios_knl_Semaphore_destruct                                         
1001c2e1  ti_sysbios_knl_Swi_delete                                                 
1001c2e5  ti_sysbios_knl_Swi_destruct                                               
1001c2e9  ti_sysbios_knl_Swi_postInit__I                                            
1001c2ed  ti_sysbios_knl_Task_SupportProxy_Module__startupDone__S                   
1001c2f1  ti_sysbios_knl_Task_SupportProxy_getStackAlignment__E                     
1001c2f5  ti_sysbios_knl_Task_SupportProxy_start__E                                 
1001c2f9  ti_sysbios_knl_Task_SupportProxy_swap__E                                  
1001c2fd  ti_sysbios_knl_Task_delete                                                
1001c301  ti_sysbios_knl_Task_destruct                                              
1001c305  ti_sysbios_knl_Task_startup__E                                            
1001c309  xdc_runtime_Startup_startMods__I                                          
1001c401  xdc_runtime_Core_createObject__I                                          
1001c483  xdc_runtime_Error_policySpin__E                                           
1001c485  xdc_runtime_Memory_alloc__E                                               
1001c4f5  xdc_runtime_Core_deleteObject__I                                          
1001c555  xdc_runtime_Startup_exec__E                                               
1001c5a5  xdc_runtime_Assert_raise__I                                               
1001c5ed  xdc_runtime_Core_assignParams__I                                          
1001c635  xdc_runtime_Core_constructObject__I                                       
1001c67d  xdc_runtime_System_atexit__E                                              
1001c6b5  xdc_runtime_System_processAtExit__E                                       
1001c6e9  xdc_runtime_Core_assignLabel__I                                           
1001c719  xdc_runtime_Text_cordText__E                                              
1001c745  xdc_runtime_System_abort__E                                               
1001c765  xdc_runtime_Error_raiseX__E                                               
1001c781  xdc_runtime_Memory_valloc__E                                              
1001c79d  xdc_runtime_Core_destructObject__I                                        
1001c7b5  xdc_runtime_Error_check__E                                                
1001c7cd  xdc_runtime_System_exit__E                                                
1001c7e5  xdc_runtime_Text_ropeText__E                                              
1001c7fd  xdc_runtime_Memory_free__E                                                
1001c80d  xdc_runtime_SysCallback_abort__E                                          
1001c81d  xdc_runtime_SysCallback_exit__E                                           
1001c82d  xdc_runtime_Timestamp_SupportProxy_get32__E                               
1001c82d  xdc_runtime_Timestamp_get32__E                                            
1001c83d  xdc_runtime_Error_init__E                                                 
1001c849  xdc_runtime_Memory_calloc__E                                              
1001c855  xdc_runtime_Memory_getMaxDefaultTypeAlign__E                              
1001c875  xdc_runtime_Gate_leaveSystem__E                                           
1001c87b  xdc_runtime_System_Module_startup__E                                      
1001c881  xdc_runtime_Gate_enterSystem__E                                           
1001c885  xdc_runtime_Memory_HeapProxy_alloc__E                                     
1001c889  xdc_runtime_Memory_HeapProxy_free__E                                      
1001c88d  xdc_runtime_System_Module_GateProxy_enter__E                              
1001c891  xdc_runtime_System_Module_GateProxy_leave__E                              
1001c895  xdc_runtime_System_abortSpin__E                                           
1001c897  xdc_runtime_System_exitSpin__E                                            
1001c899  ti_sysbios_family_arm_m3_Hwi_dispatch__I                                  
1001c969  ti_sysbios_family_arm_m3_TaskSupport_buildTaskStack                       
1001c9b5  ti_sysbios_family_arm_m3_Hwi_initStacks__E                                
1001c9fd  ti_sysbios_family_arm_m3_Hwi_excHandlerAsm__I                             
1001ca1d  ti_sysbios_family_xxx_Hwi_switchAndRunFunc                                
1001ca3b  ti_sysbios_family_arm_m3_Hwi_pendSV__I                                    
1001ca53  ti_sysbios_family_arm_m3_Hwi_return                                       
1001ca55  ti_sysbios_family_arm_m3_TaskSupport_glue                                 
1001ca65  ti_sysbios_family_arm_m3_TaskSupport_swap__E                              
1001ca6d  ti_sysbios_knl_Task_swapReturn                                            
1001ca97  ti_sysbios_rom_cortexm_cc13xx_CC13xx_getRevision__E                       
20000000  ti_sysbios_family_arm_m3_Hwi_ramVectors                                   
20000100  ti_sysbios_knl_Task_Module__state__V                                      
20000144  ti_sysbios_family_arm_m3_Hwi_Module__state__V                             
20000178  ti_sysbios_knl_Clock_Module__state__V                                     
200001a4  ti_sysbios_BIOS_Module__state__V                                          
200001c8  ti_sysbios_knl_Swi_Module__state__V                                       
200001e4  ti_sysbios_family_arm_cc26xx_Timer_Module__state__V                       
200001ec  ti_sysbios_family_arm_cc26xx_TimestampProvider_Module__state__V           
200001f0  xdc_runtime_Startup_Module__state__V                                      
200001f8  xdc_runtime_System_Module__state__V                                       
20000200  xdc_runtime_Memory_Module__state__V                                       
20000a08  ti_sysbios_heaps_HeapMem_Instance_State_0_buf__A                          
20000e08  ti_sysbios_knl_Task_Instance_State_0_stack__A                             
20001148  ti_sysbios_family_arm_m3_Hwi_dispatchTable                                
2000150c  PIN_HandleTable                                                           
20001588  nodeRadioTask                                                             
200015d8  nodeTask                                                                  
20001764  ackTimeoutClock                                                           
200018b8  radioAccessSem                                                            
200018d4  radioResultSem                                                            
20001938  nodeEvent                                                                 
20001974  radioOperationEvent                                                       
200019cc  PIN_NumPins                                                               
20001a23  driverlib_release_0_45566                                                 
20001a30  PowerCC26XX_module                                                        
20001b3c  ti_sysbios_family_arm_cc26xx_Timer_Module__root__V                        
20001b44  ti_sysbios_family_arm_m3_Hwi_Module__root__V                              
20001b4c  ti_sysbios_family_arm_m3_Hwi_Object__table__V                             
20001b64  ti_sysbios_family_arm_m3_Hwi_Module_State_0_excActive__A                  
20001b68  ti_sysbios_family_arm_m3_Hwi_Module_State_0_excContext__A                 
20001b6c  ti_sysbios_family_arm_m3_Hwi_Module_State_0_excStack__A                   
20001b70  ti_sysbios_gates_GateHwi_Module__root__V                                  
20001b78  ti_sysbios_gates_GateHwi_Object__table__V                                 
20001b7c  ti_sysbios_gates_GateMutex_Module__root__V                                
20001b84  ti_sysbios_hal_Hwi_Module__root__V                                        
20001b8c  ti_sysbios_heaps_HeapMem_Module__root__V                                  
20001b94  ti_sysbios_heaps_HeapMem_Object__table__V                                 
20001bac  ti_sysbios_knl_Clock_Module__root__V                                      
20001bb4  ti_sysbios_knl_Clock_Object__table__V                                     
20001bd4  ti_sysbios_knl_Event_Module__root__V                                      
20001bdc  ti_sysbios_knl_Mailbox_Module__root__V                                    
20001be4  ti_sysbios_knl_Queue_Module__root__V                                      
20001bec  ti_sysbios_knl_Semaphore_Module__root__V                                  
20001bf4  ti_sysbios_knl_Swi_Module__root__V                                        
20001bfc  ti_sysbios_knl_Task_Module__root__V                                       
20001c04  ti_sysbios_knl_Task_Module_State_0_readyQ__A                              
20001c24  ti_sysbios_knl_Task_Module_State_0_idleTask__A                            
20001c28  __xdc__init__addr                                                         
20001c2c  pOverrides                                                                
20001c84  pOverrides_50kbps2gfsk                                                    
20001cdc  pOverrides_625bpsLrm                                                      
20001d38  EasyLink_cmdPropTx                                                        
20001d8c  RF_prop_50kbps2gfsk                                                       
20001d9c  RF_cmdFs_50kbps2gfsk                                                      
20001db4  RF_prop_625bpsLrm                                                         
20001dc4  RF_cmdFs_625bpsLrm                                                        
20001ddc  ti_sysbios_knl_Task_Object__table__V                                      
20001e28  ti_sysbios_family_arm_cc26xx_Timer_Object__table__V                       
20001e70  RF_prop                                                                   
20001e80  RF_cmdFs                                                                  
20001e98  RF_cmdPropTx                                                              
20001eb0  ti_sysbios_gates_GateMutex_Object__table__V                               
20001f18  ti_sysbios_knl_Swi_Module_State_0_readyQ__A                               
20001f48  ti_sysbios_knl_Swi_Object__table__V                                       
20001f78  RF_cmdPropRadioDivSetup                                                   
20001fa0  RF_cmdPropRadioDivSetup_50kbps2gfsk                                       
20001fc8  RF_cmdPropRadioDivSetup_625bpsLrm                                         
20001ff0  RF_cmdPropRx                                                              
20002020  pinTable                                                                  
20002028  _lock                                                                     
2000202c  _unlock                                                                   
20002034  main_func_sp                                                              
20004e00  __stack                                                                   
20005000  __STACK_END                                                               
e000e000  ti_sysbios_family_arm_m3_Hwi_nvic                                         
ffffffff  __binit__                                                                 
ffffffff  __c_args__                                                                
ffffffff  binit                                                                     
UNDEFED   HwiP_restore                                                              
UNDEFED   I2C_config                                                                
UNDEFED   SHT$$INIT_ARRAY$$Base                                                     
UNDEFED   SHT$$INIT_ARRAY$$Limit                                                    
UNDEFED   ti_sysbios_BIOS_RtsGateProxy_Handle__label__S__mangled__                  
UNDEFED   ti_sysbios_BIOS_RtsGateProxy_Object__delete__S__mangled__                 
UNDEFED   ti_sysbios_BIOS_RtsGateProxy_Params__init__S__mangled__                   
UNDEFED   ti_sysbios_BIOS_RtsGateProxy_query__E__mangled__                          
UNDEFED   ti_sysbios_hal_Hwi_HwiProxy_Module__startupDone__S__mangled__             
UNDEFED   ti_sysbios_hal_Hwi_HwiProxy_Object__delete__S__mangled__                  
UNDEFED   ti_sysbios_hal_Hwi_HwiProxy_Params__init__S__mangled__                    
UNDEFED   ti_sysbios_hal_Hwi_HwiProxy_disableInterrupt__E__mangled__                
UNDEFED   ti_sysbios_hal_Hwi_HwiProxy_enableInterrupt__E__mangled__                 
UNDEFED   ti_sysbios_hal_Hwi_HwiProxy_getStackInfo__E__mangled__                    
UNDEFED   ti_sysbios_hal_Hwi_HwiProxy_startup__E__mangled__                         
UNDEFED   ti_sysbios_hal_Hwi_HwiProxy_switchFromBootStack__E__mangled__             
UNDEFED   ti_sysbios_hal_Hwi_disableInterrupt__E                                    
UNDEFED   ti_sysbios_hal_Hwi_enableInterrupt__E                                     
UNDEFED   ti_sysbios_hal_Hwi_getStackInfo__E                                        
UNDEFED   ti_sysbios_hal_Hwi_startup__E                                             
UNDEFED   ti_sysbios_hal_Hwi_switchFromBootStack__E                                 
UNDEFED   ti_sysbios_heaps_HeapMem_Module_GateProxy_Handle__label__S__mangled__     
UNDEFED   ti_sysbios_heaps_HeapMem_Module_GateProxy_Object__delete__S__mangled__    
UNDEFED   ti_sysbios_heaps_HeapMem_Module_GateProxy_Params__init__S__mangled__      
UNDEFED   ti_sysbios_heaps_HeapMem_Module_GateProxy_query__E__mangled__             
UNDEFED   ti_sysbios_knl_Clock_TimerProxy_Module__startupDone__S__mangled__         
UNDEFED   ti_sysbios_knl_Clock_TimerProxy_startup__E__mangled__                     
UNDEFED   ti_sysbios_knl_Task_SupportProxy_Module__startupDone__S__mangled__        
UNDEFED   ti_sysbios_knl_Task_SupportProxy_getStackAlignment__E__mangled__          
UNDEFED   ti_sysbios_knl_Task_SupportProxy_start__E__mangled__                      
UNDEFED   ti_sysbios_knl_Task_SupportProxy_swap__E__mangled__                       
UNDEFED   xdc_runtime_Main_Module_GateProxy_Handle__label__S                        
UNDEFED   xdc_runtime_Main_Module_GateProxy_Object__delete__S                       
UNDEFED   xdc_runtime_Main_Module_GateProxy_query__E                                
UNDEFED   xdc_runtime_Memory_HeapProxy_Handle__label__S__mangled__                  
UNDEFED   xdc_runtime_Memory_HeapProxy_Object__delete__S__mangled__                 
UNDEFED   xdc_runtime_System_Module_GateProxy_Handle__label__S__mangled__           
UNDEFED   xdc_runtime_System_Module_GateProxy_Object__delete__S__mangled__          
UNDEFED   xdc_runtime_System_Module_GateProxy_query__E__mangled__                   
UNDEFED   xdc_runtime_System_SupportProxy_abort__E                                  
UNDEFED   xdc_runtime_System_SupportProxy_exit__E                                   
UNDEFED   xdc_runtime_Timestamp_SupportProxy_get64__E__mangled__                    
UNDEFED   xdc_runtime_Timestamp_SupportProxy_getFreq__E__mangled__                  
UNDEFED   xdc_runtime_Timestamp_get32__E                                            
UNDEFED   xdc_runtime_Timestamp_get64__E                                            
UNDEFED   xdc_runtime_Timestamp_getFreq__E                                          

[736 symbols]
